---
source: pkg/zk-primitives/src/hash.rs
expression: results
---
[
  {
    "bytes": "",
    "hash": "0000000000000000000000000000000000000000000000000000000000000002"
  },
  {
    "bytes": "00",
    "hash": "102e556ec4988e1840bf21346caf51bd80edf235c54387f24e58e2f336f6e4a8"
  },
  {
    "bytes": "00000000000000000000000000000000",
    "hash": "102e556ec4988e1840bf21346caf51bd80edf235c54387f24e58e2f336f6e4a8"
  },
  {
    "bytes": "76b8e0ada0f13d90405d6ae55386bd28bdd219b8a08ded1aa836efcc8b770dc7da41597c5157488d7724e03fb8d84a376a43b8f41518a11cc387b669b2ee6586",
    "hash": "068cfa03780d4967f5670faf1008c91edd2a3e4e4244ec0858318c5701a56f49"
  },
  {
    "bytes": "9f07e7be5551387a98ba977c732d080dcb0f29a048e3656912c6533e32ee7aed29b721769ce64e43d57133b074d839d531ed1f28510afb45ace10a1f4b794d6f",
    "hash": "26fa8d8393219e0828bf907e1e8ebd72a3702381b06284b9a69294ccb2be86ab"
  },
  {
    "bytes": "2d09a0e663266ce1ae7ed1081968a0758e718e997bd362c6b0c34634a9a0b35d012737681f7b5d0f281e3afde458bc1e73d2d313c9cf94c05ff3716240a248f2",
    "hash": "18a3f1363de6e8329f97956fde64e7fb7ffa0ecf922f5b15b2745c9765777384"
  },
  {
    "bytes": "1320a058d7b3566bd520daaa3ed2bf0ac5b8b120fb852773c3639734b45c91a42dd4cb83f8840d2eedb158131062ac3f1f2cf8ff6dcd1856e86a1e6c3167167e",
    "hash": "0ec34a7f2a24f5b86d6d880434c80dbe7299a3ea6beb6f2fbf88216d5f6373d9"
  },
  {
    "bytes": "e5a688742b47c5adfb59d4df76fd1db1e51ee03b1ca9f82aca173edb8b7293474ebe980f904d10c916442b4783a0e984860cb6c957b39c38ed8f51cffaa68a4d",
    "hash": "103ab6eccc18dc56a66216d41a5a142ce920ecbfff9839e61f009b2ca5a068b6"
  },
  {
    "bytes": "e01025a39c504546b9dc1406a7eb28151e5150d7b204baa719d4f091021217db5cf1b5c84c4fa71a879610a1a695ac527c5b56774a6b8a21aae88685868e094c",
    "hash": "1419156f88c7ab5cb496225108d90812d6468b5c20ecb3b52d2f549449b3b14c"
  },
  {
    "bytes": "f29ef4090af7a90cc07e8817aa528763797d3c332b67ca4bc110642c2151ec47ee84cb8c42d85f10e2a8cb18c3b7335f26e8c39a12b1bcc1707177b76138732e",
    "hash": "28dac2e53d9c5cc3c3cf5fd8b53343ceacfbef028129b7818609cbcfbefc22dc"
  },
  {
    "bytes": "edaab74da1410fc055ea068c99e9260acbe337cf5d3e00e5b3230ffedb0b990787d0c70e0bfe4198ea6758dd5a61fb5fec2df981f31befe153f81d17161784db",
    "hash": "2fb79d38fc3ffca7ea2c204ca4fea3ee5d30ac18867e1baaea1da374e3470119"
  },
  {
    "bytes": "1c8822d53cd1ee7db532364828bdf404b040a8dcc522f3d3d99aec4b8057edb8500931a2c42d2f0c570847100b5754dafc5fbdb894bbef1a2de1a07f8ba0c4b9",
    "hash": "1de5b5b1f367ea87d17526b2cc9bf0a7da4713b8dd103cbd3856ca5684fce3e7"
  },
  {
    "bytes": "19301066edbc056b7b481e7a0c46297bbb589d9da5b675a6723e152e5e63a4ce034e9e83e58a013af0e7352fb7908514e3b3d1040d0bb963b3954b636b5fd4bf",
    "hash": "0eafb872b719d77eb34bed1bdde08065670ae6ffd7a9dff5596cce3f5023af43"
  },
  {
    "bytes": "6d0aadbaf8157d062acb2418c176a475511b35c3f6218a5668ea5bc6f54b8782f8b340f00ac1beba5e62cd632a7ce7809c725608aca5efbf7c41f237643f06c0",
    "hash": "188b5ad7f42764b334120d2f385579c177cb37c377918052b50d9e924ff3aacc"
  },
  {
    "bytes": "997207171de867f9d697bf5ea6011abcce6c8cdb211394d2c02dd0fb60db5a2c17ac3dc85878a90bed3809dbb96eaa5426fc8eae0d2d65c42a479f088648be2d",
    "hash": "0c3696f19c71860db97b75b095720846eaefea80656d349b99407005bdac19c3"
  },
  {
    "bytes": "c801d82a366fddc0ef234263c0b6417d5f9da41817b88d68e5e67195c5c1ee3095e821f22524b20be41ceb590412e41dc648843fa9bfec7a3dcf61ab05415733",
    "hash": "290829449c2797fafbe8d0fa02c9ef258bb4dca2ee3749e7cb36ccc1de088b66"
  },
  {
    "bytes": "16d3fa8151629303fe9741562ed065db4ebc0050ef558364ae81124a28f5c01313232fbc496dfd8a2568657b686d7214382a1a00903017dda969878442ba5aff",
    "hash": "0ba9500f213047e189e6f70fedbd69fc3679ea3113dc8d690056bf6754c3bdeb"
  },
  {
    "bytes": "f6613f553cbb233ce46d9aee93a7876cf5e9e82912b18cadf0b34327b2e0427ecf66b7ceb7c0918dc47bdff12a062adf07133009ce7a5e5c917e0168306109b7",
    "hash": "2590f56d589d29b95c16b51e2e531a4ba7daf4971051f1115b87dde3bfdccc9a"
  },
  {
    "bytes": "cb49653a6d2caef005de783a9a9bfe05381ed1348d94ec65886f9c0b619c52c5533800b16c836172b95182dbc5eec042b89e22f11a085b739a3611cd8d836018",
    "hash": "09dd0330bf68fe8ddf46e9c89e6e7a1b99ea1821131647badadf7d07ba6a2858"
  },
  {
    "bytes": "c4fff0b86c02ed662d2d2522647a1f09a7b2f9eea56e7e20b1f06ccdd9cec37e3b2d20812df369978636c22646603675804104745d2997e28df5d8242aad19c8",
    "hash": "2111e9c08ed4fc693fa0e2b46b3ce015c58edcf1322936c8ce207b9848667f83"
  },
  {
    "bytes": "120ca4142fb6019fccecf9fadb04ade03b341e3fc77201b3dc957a8097ab2f615aff142ab753811d5f32e75bc8825b456555f3d179ffabcf35f6ae61365851f3",
    "hash": "059a780b521e12b2905402e2f17d46c46fad16d58c2ed6b2c3bfc7e5fbf8732f"
  },
  {
    "bytes": "f681a2e86e8078b064976646186394cb9064767750dad4e336b8f1d20fe2c13c6248d3d73d4d66d9c8587ac68a7976a3bbb8b5808320607400dbdb1918e3d3b9",
    "hash": "204ce0b85a8a99ea08fa61fe7186b85d405eb7aefe7c8fcf7a8fb8d69ddd76ab"
  },
  {
    "bytes": "0cfc38c4ddfade990a213d208fbf7898334f4deed7e5830fd266751315435ae19bb94f4d3dc92652f243dd1f96f3595ab473d2356d8fa8f6d64cc4f64b12ca99",
    "hash": "233069a6e962ea295769ce0074aac53bf62c411f4ea0c3a66f08672845e0b6c5"
  },
  {
    "bytes": "ecdd1962572e6add609d9c619aab678b3fc298bc2f0f81feb4f0d3ebad7e850a8bcb52ca467e649de2db913bfda001294c49dc369f7d14cc25c5fa65d4d5af6a",
    "hash": "18e28dba428731c823b7e78f4646ca1163384e3e12b750d29bdde002b316be04"
  },
  {
    "bytes": "436d22bd2839be23dd3c57825033fecdce2ded6c511dbeaf4df2b4cbb7af8215bb48a550f57d02750e599298f512b1ec1829722fc10a5acf9537e392a7284559",
    "hash": "13abf1bc69b6754300d863585fb4163e8d6bc181551955492d3cf64dbd82dcf8"
  },
  {
    "bytes": "05d3ab4837dece4b63fdfd5dd07a2b76a8c82566df1a2167dae5e125b6aa0e76b9d99ca84664f50eeea54e449f0e587039137f57543d89205483141c933166b6",
    "hash": "16b4e785020224da4efb4ffe067267c50dc79d3043c544e621cc9eb0fe2f9f01"
  },
  {
    "bytes": "1990a706aca07f467d22bc34c6552f5bba91cb1fc21db51d03dfff6523a5e1b4285d54c47660eda1b290e4087b30651b542305a714e98a8233577d2afb383e40",
    "hash": "1da5871c297a9e5c819eb7d8f3e2a28e9d92a21ffa22d7e992dc9034eb77a784"
  },
  {
    "bytes": "2f6b9fd214b194c738886bd2289cc5f997951910994b0a6104092fbc9b385639343cf26c9faf845e7a98cb1f2c9306e8200185d95de059f83ad17c4b97f8c62c",
    "hash": "25752ff4c6cb3db5c4386120065eb8fc79a22731b5fce3f909f3fff8e1523dda"
  },
  {
    "bytes": "f6c347dc6eb5f2b1f4bf2dd328130d4500ca39beba2d4281a3d8ceb4cb1ecde378b20029fb6a4c543312e41013915c57016e5da681944cc277f9c7e75f4a654a",
    "hash": "1d9c70c2ebc5d1e9d031f8e78c59f99816fb55fc8268ec4ab07ed3887864f52c"
  },
  {
    "bytes": "b2e5dc646ada242b6223aacc63674f9702146723360811adbdf2bb938b595bf4c688a8a844130d9da3f0efe3650c2283640b342f8922fb6dd10b8bbe35c7aebe",
    "hash": "2ee4837c966e77d1fd27f987cf2cb3a708e0bea78b794cb6fa1fb210e33066f5"
  },
  {
    "bytes": "ba416cb0180fb7d2b171149018f8d880463ac26202c2b72f9a7cf83a917ad26183f8e74cd418e3b63459f7ad59849ee43cac6df3bb63fceec1abe8e9e0b64b23",
    "hash": "04294f4e6b9e30137dd89251e5540a4c139c4a75760243a65e5e67216d194d70"
  },
  {
    "bytes": "3a43aac54f9ba0998d2219b3baca111940d524b7cf94677d6c557750fa4db9e1077eedb5ba6e33c104ae25443c86bf1583353addf6fddd19a4ff491188e3d487",
    "hash": "03495d1d5f98442ee789cd8dce174319cecbfa806aea90ae5c0a49555f64acbe"
  },
  {
    "bytes": "8769611b36427c8f4c705cf42338475c3185c123919b79b3a4887243b924509c9a4e7a3fff0517021e51642d9b4526c28a0cf86fb254be7eab18701ca5919b75",
    "hash": "25e16cadf918e9f578cc71d28d4c477a947c6e93e4a69172ff49b14fae8c7106"
  },
  {
    "bytes": "4ec2506eccc087ac6141b4c3a661a3d1a89e0d4dd2df52caa5b3402d0026b3c643fa7126e8ed101a94188a048b34ab61e1182d6be76e2e9e6acf401443ed0d99",
    "hash": "0810ce769d07c6e70c8e84ad669e573748299a9bd83edead0b0b0cb6661f0fb8"
  },
  {
    "bytes": "7dd5ae67346cb1e189791102900225e6b955cd7c9e39fc7255021045fe7ecd40e2c68486a4c2fbcdbc53e847790dafe5b2cbdca09bf09de327076c79f2a339a9",
    "hash": "2da1299e76daff979e0a31d21dfa74bc8c543b4acbd136adb26000245d638ff9"
  },
  {
    "bytes": "f942dfa372b41a390eabbbf296383d438466ae6105b5058117b8e406dcaa62a98ac624d30bc8773de643cce7578e8d5c57c5718711421e6d04a182f8714e192e",
    "hash": "1a9f07a0d6e08a503db63fe522413bf5b3b3e432b518bc37cad9ada011614be6"
  },
  {
    "bytes": "df3935cb2e0380e10c77aa6583832deb64cb41dc401541504e0420d06379e4830f06125018db3810a684c4e888b3b88829cf97ec67fc8549703f9ea5d6b8f67c",
    "hash": "0e0edc83004309f4850056ccb71553ca533aeb04f5c7e991f0d2e9d2ce1bc1b9"
  },
  {
    "bytes": "e9e060f765532c323db034ec700db819936fbe6f749fd37ce927663f439498c98c5104d69ae9cd8b04444a471f95390873346858625420ed783203f8db371d76",
    "hash": "078a448516818b9ea2d8fb5e7230118a58b67b35c475acc02c56e91dce54d5f7"
  },
  {
    "bytes": "6586137459505525cb3ee59a7fd8ac3c1db3f5f4e0dab62b43d1c4cd813d998ed83637f922f884a7584835bcdc03e9f1802b449dfa2d249d9ed7f2f9129815cd",
    "hash": "223a2d0e67ea8e4b88b90dd00ed7547b81b17a867381c16848115413a721cb53"
  },
  {
    "bytes": "8d4ec4169ec51eac449ddfa5bc0f232d47323d4c48ab558576160103820d485877cc2bbab641d21d94e67b32cefb4e9ce5dac84d03ed3228ea3cdddd33f3915b",
    "hash": "2d4f399ead6b2cb1ef63b08ce5dfb5027828392b6932637c3cb96784f8159247"
  },
  {
    "bytes": "9e21b435bbed927a539b556ffcdd4c9822fd1ce81acca79b6f7050b0c01a3a317f066a1a89c81e4df8c7ee2e042203be8c290cf8605c193471953f8fe6055ac5",
    "hash": "089838c8c5a7688efd95939263001414879081bc6b37dd0dd3388a1dcb0111df"
  },
  {
    "bytes": "46670a4a075f70909246c3e3b92b39cf2f35ab49fe6fda67072a6e1b82364820477fd522a746eac07e0398e873790486abebb50ec59a9e4129b7cea87c5182eb",
    "hash": "0001488018d7947875618da7641ed2aa54119899a9fd0d33d8d1e3c6e165cd77"
  },
  {
    "bytes": "43bcdf096ef740ef67482e98165a4ec64ebe9d57c8d8c16ceaa81f3203dff26b3d5bf01edc0b0458b6b47846c326c75a822fc8b42774a3b201ef941484631406",
    "hash": "1a83469726c27ef7f30c942123edbb7a39de1d4c37fac160992c43373a567727"
  },
  {
    "bytes": "cbbeac961ccf42860ebac578703b485844bb9e01b2d6c2df72b62b43bade982b0bdd0501230fc76b820d2f5bd259ec791b33225e06afc2d996c90e756dbd4257",
    "hash": "01453c6ab15594ce9baa023ffed0b049fbffbcd573a1a543bacb2731cf241e4a"
  },
  {
    "bytes": "d53ea6d6ff2371330035b57bf54c9dc4fa95d61536aac11cdb08a664efb55bc91a4c6f7fbe3efa8c621fd9f2cb343898979e7bcbd55b55217143493b6de415a8",
    "hash": "2bdd398bd4b3b0f1f84da92ceea2a9e31e57c59d04e71c1f6a3df7606c9f60a5"
  },
  {
    "bytes": "5d681a2405113f3ada3edaee6eb0e78572d2baf9c43e3fc39b93081cf2fb3f8879e810f417b733927525acb6d026f6ec46395620547d057a539a391de7c6f4b7",
    "hash": "1e8aad5072af1ddc8f5edabcaf4badfdad253ec6067c85e224baec90b748846d"
  },
  {
    "bytes": "095911c2d3ae075ad4f2c0c96d9f70e48a42cdcdae542bae833eb4a976d4f98410b4a3d77857762d1527ec6714a040baaec3bec41bf9cff00e1cf81ce61e95d9",
    "hash": "04ba416167def3e7d57aeae0af388ebc118e0996e1dae3eb53bc6c393319646a"
  },
  {
    "bytes": "7792d7c0db7a88545f10d9b0a5940457018817725da257766906ffbc6172b9c4d2d32a14d00c0d1d01e15280074a4a9fd2d21393f078ef55b16cfea532799326",
    "hash": "208d6cf2c9e52bb96595dd43f3167486d4b47dae2c653876f581f7c37e54ecc2"
  },
  {
    "bytes": "3bffe8e99e56837b2763abd221ed85d83f9187af8b9e928f00deff423fffdadb786e6678a59af305cdc02546d0f8ab4681acc1f00069b0c47bbc9f13d12fd941",
    "hash": "19327f6511572f0a4c051c314405074acede8c4d892644f5b33c47051fb97414"
  },
  {
    "bytes": "1f8df532096d53e4b7861839e602fc5dfa0d0b72232dd81d2b0e4b660a7eba353da27e66ceaf2d6c7734925247281866a12d67752a1edaadd1ea59e4e86e2e85",
    "hash": "2cf1e40178a8ea4e31d176db012094ac5f5ae4e0f8eab1b506be6d6d9501fe7a"
  },
  {
    "bytes": "a81a573cd68f6dfb526558d81a8f488f261f355ddac23f6caf07d27fda71d8f3968d4ceeda89a09dcfdd00c17fa6db3658cc7ab02c0e5f44b1f526a7db9269e4",
    "hash": "11d63283e60ee6c81078452f040841da8dec627738ee0a0aa9e265e7046ea5e0"
  },
  {
    "bytes": "dcd1d11b8421c204c07a5de46e48769579718c69532f1671e552b92ef1451ffbc7a2f412696c6d67ef071c988acf61f39319ca02dc853247be1f7f07b3bbd68c",
    "hash": "1ffb4aa15a29a2ddeffecdca78a5437070c8c4024bc5ed2894a80d11ef47553b"
  },
  {
    "bytes": "901ef36d46868f65d0fa1d1755eff6c2802212908250207ab65fce827f0a82f3140ddc692cb5742b3133c541e0fe17718b546ad1fc8cb8a3a5af69a825a84343",
    "hash": "07537e09b6032fd0ad7ccc017bb61f65b38dae2153b9341a2aa9a6ca66461479"
  },
  {
    "bytes": "c378d7b54f917057a8d026d4a59931ff9e24ab95bce2bebdb3a4286e000a4c47e74cf82925dea07686dd20de228828705d90638661173e703e712d69b043dceb",
    "hash": "15d8fb5316c1c76a0988b92df996eb6620b93f096d0d33d30062b0c2114b2ce5"
  },
  {
    "bytes": "afdc53f132be3d04ce50d70b80dd118db00e45dfe953db87525880ba9f7abb0fc481a5f3acfa363aa2153391aef0dbf680512a0fa37a6c8293865ca95015dedb",
    "hash": "18b045f7be93f4eafaa942a26611e02bca41ddea7ee391c04379736b38f5b611"
  },
  {
    "bytes": "f6a21992ce1feb5f499359e288a3255ef3fbaea5b01440bd787251caf362326c7ffad20086aa7fcf35e95bbf398db75735e087e0863e016246703946c4e88bca",
    "hash": "19205581de18f03655923d9f316099a1bffdf5a47aa362b87e3d9fd4853a6c74"
  },
  {
    "bytes": "6fc21446146bd342aae88ad4249f9a38ca3e4ed0a88aa6fd746f578e5b414ce0f2ce5ec76f87fa3b6321102ef7110b7e6d889b2b85bb11fcfd4ab2b3bd5f92b8",
    "hash": "07b089a5c514dc9b9391a83c08792dbbe13f404ddcb7a62cec3ca61dbe80193c"
  },
  {
    "bytes": "a2f66166f0695c0b13f32f97efaa0cde4f28e1674bf120e03fa15980873a1c6ab674c085303fdd74832cc1df5ef787ae11c6e6a9302c1488f36996c170367078",
    "hash": "0115369bc6b91933d36d0c30f87ad01217e79b8f9b1d40d89f6f95808d3f6e70"
  },
  {
    "bytes": "6c05324f99d9d2cda1624db95b8eab6f7e10ac5bc985d6536cf667307a577a2555888bd9302cfe704cf72e59fd28b6daea343a83531a10a732d65ce93f523a03",
    "hash": "1f05d86a655148d7e9ca07d52504749a4c62080ec230ea8c6840fba841b78b6b"
  },
  {
    "bytes": "e5e791efd5ac502bb0a1f756e93208746240bc7bb1c085728ccc8150d8ea74b33aebc59567e65b7e2bd83699f607412448d202d948bb111badd456d68086ff9a",
    "hash": "2af96a520085268c18299f4bdb587b96008a40e825b7464c1bb79022bc256ebd"
  },
  {
    "bytes": "5906ea3b2cda4111d3638391f7a7b153eea77ab47215d6fe13b350f59f884c6e31ac087239d9145b816424cba2c8bcb7b3ed7e19638089d91e5c9136d2aefc8d",
    "hash": "1a2d7bab33c7cf992b87f7399a0695af1d9cfecc8deb16179e55452f891ba2d6"
  },
  {
    "bytes": "a165284b42229a70346296a7484648daafb9b88994d8823efbce9e029ace51706fc1e6e194b7d8906bb83be681a96d50f4a66f5af24aff5007aa2052277d75e1",
    "hash": "02f078c40e3848e90f9c4588588e1dfbaf6be4dba79999e7ff885eaa4e63da98"
  },
  {
    "bytes": "c6fcb719ae789587e73bfb11029b2ae9e380cd7b4fbd78f0c5318ef61802ecbfe5d91ba28184e96963366be3d5b063b5b664002ab0682e5820e3f9d30afd461b",
    "hash": "0f4a1e1dd227f0dfe1080afba9c2dc9691ee8e13b7a0bc9aeb82a945cecf9af7"
  },
  {
    "bytes": "3046cfc86f29605458ae94054cc2967ca77f102f97bae3454bc190726af88cffd5f0f05e18d31159ef2a9d9800f48d1b6719617474f1b3594315795822976613",
    "hash": "1e8a5945f1e5f8aa610c8363beb60bb43e748c76a00f2dc888c24f613f7ca2b9"
  },
  {
    "bytes": "cb63a4d6996505f4a4c57f3454ec101f5303f5b84aa8236843fc51d63d8445ad5c9b4f4e15aa0395695cde980a6d48936146c519fb84ab775647e2cf809135d1",
    "hash": "1a50ff0436cde00ed62d634a6d6e7a1c806659a4b82f45ce789b51856db9a7e4"
  },
  {
    "bytes": "0b12f7e632654c679f92988b79021746c867a8e05102bb98f8fe7d3d7c005f690d9ca7c6a175ff26ed82b873d63df4cbea0218bad0cb9a8c4404526f9806e2d4",
    "hash": "0d3488cc56c41a73750283bb3cd3d17a200193290ff628cffec67a66e5237083"
  },
  {
    "bytes": "fbf37e84b756561c67c3a5732966dc4f0701063eaa7d3a52a2b5e4a8c9acdb30ee8b9f5125f76bcf7b22db897de9a8a9560c54118f31dccf49e87527d188fcb8",
    "hash": "127ae090c6e67941f7f58d46a6ba58f19dc1a4993c2b98cc8afa84278d926f42"
  },
  {
    "bytes": "1c6f5b28a37a1dad399f8c4f2d2cedd0f71a6937c10aa78e29f82b4f5d12e74efa4fff5a8b700664959913542472af8df1acc815617dffd8e01873b1290e5b94",
    "hash": "0c03dbddd2a82389f84b84be4fc83c3ecaabc71be8228f1d98a42e5c72777c41"
  },
  {
    "bytes": "fc2e9349517916ee0f7315369649f30a5a9feee736882f82b5e4d0ffca74cb98dab997217f7a461a34b4e7a87a933c6a2a21a63ba0437a12c1368cd74e621f47",
    "hash": "1645e98be7486c4943a3ab924aa5f7dd9f8239ff0aaa65e2b8c61daa5a21f18e"
  },
  {
    "bytes": "4d1921742f5adbb26bb811fc0eb71fb828991bb21b8089897b83ae61d2c9d015dcabee391edaa47c8814d76ecee6b7af3979f04e1c52b4bc3d5f46cc79301fc7",
    "hash": "0ce006bbb3990845bd8f8cf3ff0203b6b8c129c0c9549fef10104f036e26d02b"
  },
  {
    "bytes": "40693a47db68c22a39fb722e32605a150fd57c56ae63ca90e40059f26b6d5a73929f48ab33f1130143850fe2383e95d214cf585971d8d14b10175ef1e06b540d",
    "hash": "0b93ffb5febed1dffbcfcfc830c7031c1c62936a1f0064320ca445e5e8d92c48"
  },
  {
    "bytes": "8f9e3e29f60ed31e7a8effe89a827cd82b647739105d305188d0f1d628187dcad530fef13ffb3959016d7271d2ae5ed6750591c774c0458468357676b6e16dfc",
    "hash": "1d6afeb8137b3233dbe2f354a934e143cce2b39e57b5135d1d29e6f04b0e82f4"
  },
  {
    "bytes": "cfaa9aa876b986ab6334f1dd995c400ec2f54d837547a59632f8ba09f076be49be6ed506c3a8ae3482140720d9459ad6ceb67c5878a3d470e35d8cc999cf2309",
    "hash": "1c096ab82240188bd7eb89bdf02d7158b009082b3f18e2cdccbcab6c86c91aab"
  },
  {
    "bytes": "305182e87f493edcefd416f8508d45ba6d63e06068a37292c4089a44a901ca1a216199258016bfefa8de980e3a584f80a91be8e7f24f58331bf5fa241834b613",
    "hash": "11441a5dbe9b05236553fc944ea1f3f8df58492b949b2ea785fecfc6aad1640f"
  },
  {
    "bytes": "38c97b885891b18fa38998a1653518ae7d789d760f4ca8d468092e26bfae63fa73cdebcc3309068f4515b14fd2fb2362ee2ef7e29f479fd1beb55b485ffac908",
    "hash": "12cb130fe0cf5b047a8b0475810845859cd07bfaa5525d0a13d5053b3a362b5c"
  },
  {
    "bytes": "42d56a92fddeb287c383761677bdb435cd93c38b37b9c09ed22c2249f991cceceb89d151340af1a2f4bb084725358747dcc981de16d44d3c146065d591e91ff9",
    "hash": "297ca99de12123a2e1a89196dd13997bb8c906869ac6870ecb3ce82b5a362987"
  },
  {
    "bytes": "856a6fd02f673aa0330e9bd7158d55e5adbb21c367dc2259e7015c567832d0e456af9602c93ec4d1b131a3d06d42a2d9d5d4d0860ba9199ee2784f22cf98aff2",
    "hash": "130ac093a2acb779d38359efb84ceee1dbc841124315f4404cc1ac23d533860f"
  },
  {
    "bytes": "7e6da102dd36362d7bf76a6c1ea387e0cb7102f8abd40ad2e9d8fafb79270cb7c81138cbe246c0d4e7c70501f2975c155b6713511e8c2cbb7db2a83e1a486496",
    "hash": "202f655a01785d606cd3ff3f42ab5401abc9f332c59f83db24dfea12e37da818"
  },
  {
    "bytes": "c2d922cc229cdb7d207f6bab3a15bc83fd3322d5af189d92b91e22d5b461c0164d55cddbb1c4b2f9ade5e5509c1dc0d4d2901ef7e844905e226e7de848baf023",
    "hash": "2a7994a9b6da8d8dfa99319698b10e62311f1cc3eb69c9600c458aef7d4263b8"
  },
  {
    "bytes": "0f662fba30d7f6f6085a0d3190ffea1f3f58e3d41ba50b72d4a4a49fbaecf4dd2f2cfbbc2799d45da1f4e7072aaf99928b3ec2bb70f30ca0c61201b524d042fb",
    "hash": "083804433ddfd2e3a2f2f26557b46e869bb643cacbb2c30b374f6f1286c6e683"
  },
  {
    "bytes": "8c87e11160769b7b004c34dcd33194276815bdedb37644dc6b3d8197d891e4a6ef9fcac6cc7504dd7c7207ecff088c332f38490584b9c7edc494a504a67cc8da",
    "hash": "15b5869655370bad2fd51cd36e46597120a35a3cc8744fd71804a138a14015ee"
  },
  {
    "bytes": "4cdb8b378d96420aeb69000a3bf5d56201412abb9d74fc58c48822b002a06e4a43f3bfdee8a97d7cbce9d30619bd2221ab592ac2fb2f4983a384ad500036efb4",
    "hash": "18e087ddbaf615f6af33cae872f34b1f7b5fe4ec85666e72c05b28fb771e2d69"
  },
  {
    "bytes": "f57060718c3e158acc124be4cdbac6769f4f2d31f94ef248336b6306fe8ff561083d381e53a4753e00c37215b3bda81c865a3b3d13696e0ba0d7e693acfc2604",
    "hash": "208145c56aa0b04d83826b98f2cf52c44c4fbf1f9d0e87b7207deec07ac75511"
  },
  {
    "bytes": "1dee4be85e40d0315f2e333b615d4ee2ba10fba1c2ad0cc752ae4858634eddf5ae30a213a2e49f4c754870f76a6ff7d99aed38765f629d3732a306a3437f9afe",
    "hash": "08577bd1fe2c52bad868fa26f782f7ca4175f2c1f24693ffb2dbed3435b9d231"
  },
  {
    "bytes": "de3bb535558d42c12dff44b828ad7be8cac11b42bbe6a93fe847c720f878cc952d07a62966d9e71434b0e0a8a7954434d56846d3b4a3fadc49cd0a1c9ae41d9c",
    "hash": "0810e124421a92d49bcd3ecc7dcc54ae5093c00508655b1668fba6d5cd565993"
  },
  {
    "bytes": "d6621e6a2f941085674640294fffd3e2fa4f42156e5479f44f1a91da28475f8ac5b2be3f6f0f2eb67f08131a44f7f55f2632e809823f5a9277d5bd1de1469830",
    "hash": "2807a9b510a869d0b8ef51229dbc27dd2085fa690f498c5271cb6e587e462f9a"
  },
  {
    "bytes": "a9274e953f7df569235e674461bca46af7920a0b211d2ee8178f74fbf68c1724d1b3c5434167e5f0e2e921f3fb6f722c843d40f8f58b7c8018b01d102625e29b",
    "hash": "0ad91e7a58613e4b7e983143db5cc00c2e0780a389d4def6223a82ab42c9d9bb"
  },
  {
    "bytes": "e2af5c555bd3f739a4f3edc6da860a5d75f6a91a5d184ffd860fb9a53564e73b5d240423a653f1e809e5db896de10fbe8040b8161280deef34840351fa84ffd0",
    "hash": "1a02a6db828263e6395cf2e95bfc1b86bbede606ade7ea6af828ffd49a53e545"
  },
  {
    "bytes": "788437c9600828b8de20afb4688e27d3caf3760896c50ef81fa3cfd6074436149b85f754b4f314983667e2a37aa9328f71a63cf59b0b06065991ff6ecf22c90f",
    "hash": "06f97d19bfa6914f1fb695f40ed3c571fa31bd470ddb42f7c26871d02397cd57"
  },
  {
    "bytes": "a09660d21ef0e3e991e245ed30b4b04f17472270f998ad080bce5255689d064bbca3052aab260b768fbec6a56a17ee54d4c12cd96558fa469c8fca1ad972a259",
    "hash": "186d42219a9661374c2791ae36fc74aee3818a0e435b48adb28139ec6cbef3c6"
  },
  {
    "bytes": "f3b84a404106af36c494cb830d3e0cb01b6b44ad7826e478a34fdfa7015a91e3b3a4c08e9428a4cb102f251a7977b235ed425b7ef21f1e5595d92e5252d4436d",
    "hash": "0b1427912ba92d1bd012c6397bf493301c36002370f33639b29f1292da26e957"
  },
  {
    "bytes": "1b9df198f83db437ee90aeeacf94af024ffd87c3d2b3e6594a75753cd2967fb4de858623a29b06feb432a72a535bd981bc6ac99710f2308e8ab17654d1e2bb12",
    "hash": "24193c636126b3d1a59900d58a48fb1fda7541595f9a6f930dbd349b4fa36b01"
  },
  {
    "bytes": "f0d01f6c9ff71befeb0b8a8176a3cb3989b76797134974d19af22d03f60bdb4e814de7109030e90ce8fb8d114522fe2b06792677ae3f7d235dae091ebce1e537",
    "hash": "1461275a5b7fa7dc59f6607cceff0cb1b5388932e554493edf097132586dabe9"
  },
  {
    "bytes": "0694c6a51db474c512fc285a1ef1fd474daabb93262d07490193d588f30860fb834100093fb78ffa85ed4d0aaad4194ebea9059da23885d4efa67bb268ecabda",
    "hash": "2283fbdcf5be6c57592bf417d79b50928b06a4a3a73bf9980b7a1722a2d71a88"
  },
  {
    "bytes": "23ea0f4618d0c4fd7b7739aa04212c276b4a9cc4c572863a2070a8e7f03b11a94535b4faffdba896fa0dd006eb5507b171cc12b2cddd381fbac78da4bf99ec1e",
    "hash": "1f76098052ecfbc38ef35c22e9bb85760b44c71c7242caf9234e7c829eaed6d7"
  },
  {
    "bytes": "9c19e5aa5adc6a4725272018970f1b64932e09d8a2f073ed8a69bf983884417cdf62850ed3fefafa3287148fb864768fc61a3ef2bbba86d9b9fa3d116d00fa03",
    "hash": "1082a9a1521c0b3bb281d1f437a716a0718fd2559c6892976b7410edaeafff42"
  },
  {
    "bytes": "ccba91d7325350eefa4efb7741618ec791ff5be602dfacfc61bdc360a30d0ae16ea28d7b8704070593cef54b05de23ab5b3fdce377a6922919909f5208434685",
    "hash": "0d3a03d986a16e94c14f9b260b595284585cdb86406097614f70039d38800f6f"
  },
  {
    "bytes": "df43a63c66f441729f04083af63ccf2ad09c6bd90e0340f7326cc07b715cfa20a02c6c653a939234ed302a4f7aafe658577fc1ef924e9b134aa59fa4b73eb0f4",
    "hash": "065d564956badb8a16d8ed09506507c8bad11436cc108b58e43effb99cbab149"
  },
  {
    "bytes": "ebe5842666a94d53ed8b1db65e07f0c224a749aa57f1f2960845705dfa1d552c514ede74700a3e7412852399c9fd28b5ca4d6b53128ee47385108572f7e2cfe4",
    "hash": "06520687d011a23baf7e77a64b847dfcd2d8170413c3f2d6bdb224ef2b90f995"
  },
  {
    "bytes": "8f530d653193e12de05ec8ea31e9f040b0e7f9faeb4ae6928e630eec7bb33e213c3b8d0f7b26050a7c1a3daf7c81957814165291d76ea64e9c1d2a61bf28081e",
    "hash": "284b07a3b68c0132562e7a8cad561fb544f95127b8c77ab8ba80d90c6389e27d"
  },
  {
    "bytes": "af4c29ea559d2ef584f4dc5346c5468eaba16716c7040c9d39a46373ef4c622027e67cc971be8ccb6f4729fcbd341023a76b81a396f3bec9783f0a2547e66dbc",
    "hash": "21fccddd3daa2439511d32d2bc40bbe7128e674a53db34af66ee646b882ad31a"
  },
  {
    "bytes": "6d44bebd692e60522b515035f58d51696212f509323d8fdf4f81a3c0cec5d807b15ab900a61287064846d1b0b66af50f2a730391fe3f677e5e84d10908d83e18",
    "hash": "0ff986037ff20dfb448df80b858101ef7b4e70958e1315dec1e613b081148378"
  },
  {
    "bytes": "0b36b96a99cdbc6bd4421b11be569976680031f71af13af66ed3b5659764cfe24f947ff376beb30ffd1e60ebb693703366d7cec799d26c207d67d3cb54f1c123",
    "hash": "23aab4b3c8077b55400c3e074dbe7a2982df988d3907648f0db2aeec5750ab8e"
  }
]
