---
source: pkg/zk-primitives/src/hash.rs
expression: results
---
[
  {
    "left": "0000000000000000000000000000000000000000000000000000000000000000",
    "right": "0000000000000000000000000000000000000000000000000000000000000000",
    "merged": "2ba00861b8f1581f5e17d438e323fa2809f58f1a60009dcd05edb1c9c7c833da"
  },
  {
    "left": "0000000000000000000000000000000000000000000000000000000000000000",
    "right": "0000000000000000000000000000000000000000000000000000000000000001",
    "merged": "1f4c45f9764aa17b0b277e23e1da0cefd69affc8caa18bb01f65b5c9d9761d21"
  },
  {
    "left": "0000000000000000000000000000000000000000000000000000000000000001",
    "right": "0000000000000000000000000000000000000000000000000000000000000000",
    "merged": "034797ee520c67ec5ee6fd37f581ba7267449a21de06aa55a09821caeec2e89d"
  },
  {
    "left": "76b8e0ada0f13d90405d6ae55386bd28bdd219b8a08ded1aa836efcc8b770dc7",
    "right": "da41597c5157488d7724e03fb8d84a376a43b8f41518a11cc387b669b2ee6586",
    "merged": "078b0224ddf76d7835b0f9dbe35fae592b0fb04466907f93292d674d7ed98885"
  },
  {
    "left": "9f07e7be5551387a98ba977c732d080dcb0f29a048e3656912c6533e32ee7aed",
    "right": "29b721769ce64e43d57133b074d839d531ed1f28510afb45ace10a1f4b794d6f",
    "merged": "071c0cff0ea7e3b6ca18db738412063ffb0de2fcaa08214ecb5e39991886f177"
  },
  {
    "left": "2d09a0e663266ce1ae7ed1081968a0758e718e997bd362c6b0c34634a9a0b35d",
    "right": "012737681f7b5d0f281e3afde458bc1e73d2d313c9cf94c05ff3716240a248f2",
    "merged": "1058cf4ef4d1e981ee8d3606be0f0c776a75718d3daeb13dced03d7e370d7e51"
  },
  {
    "left": "1320a058d7b3566bd520daaa3ed2bf0ac5b8b120fb852773c3639734b45c91a4",
    "right": "2dd4cb83f8840d2eedb158131062ac3f1f2cf8ff6dcd1856e86a1e6c3167167e",
    "merged": "0714b25932c05c6c440f1e2c74b40b8ce47e474a3a239f098c58a6294937ffe9"
  },
  {
    "left": "e5a688742b47c5adfb59d4df76fd1db1e51ee03b1ca9f82aca173edb8b729347",
    "right": "4ebe980f904d10c916442b4783a0e984860cb6c957b39c38ed8f51cffaa68a4d",
    "merged": "227f47c3c41d1996279c53347fbdb1e5bc5df99c2b4f121abd88f4f3b2da0889"
  },
  {
    "left": "e01025a39c504546b9dc1406a7eb28151e5150d7b204baa719d4f091021217db",
    "right": "5cf1b5c84c4fa71a879610a1a695ac527c5b56774a6b8a21aae88685868e094c",
    "merged": "0a15b365e193411eb245e3656e8b1ebbb777cb0c7f965472c051fc5a85777385"
  },
  {
    "left": "f29ef4090af7a90cc07e8817aa528763797d3c332b67ca4bc110642c2151ec47",
    "right": "ee84cb8c42d85f10e2a8cb18c3b7335f26e8c39a12b1bcc1707177b76138732e",
    "merged": "228716aef258b89490985251fb926fa6122595159e8280e5e6ea7001c6a195e8"
  },
  {
    "left": "edaab74da1410fc055ea068c99e9260acbe337cf5d3e00e5b3230ffedb0b9907",
    "right": "87d0c70e0bfe4198ea6758dd5a61fb5fec2df981f31befe153f81d17161784db",
    "merged": "235e6d8260f7ac0ba967336e48e52e2cab6b88ad145703b0d0fd0f975ea74897"
  },
  {
    "left": "1c8822d53cd1ee7db532364828bdf404b040a8dcc522f3d3d99aec4b8057edb8",
    "right": "500931a2c42d2f0c570847100b5754dafc5fbdb894bbef1a2de1a07f8ba0c4b9",
    "merged": "1a2c633f901e69c21318235f07ced8aa71dab4f502aecfbaa5830535b641deae"
  },
  {
    "left": "19301066edbc056b7b481e7a0c46297bbb589d9da5b675a6723e152e5e63a4ce",
    "right": "034e9e83e58a013af0e7352fb7908514e3b3d1040d0bb963b3954b636b5fd4bf",
    "merged": "2d0ed1c3d40af878e03dbb85be014d545dcb1cccf7a2a3726d3e9acabdfeedfb"
  },
  {
    "left": "6d0aadbaf8157d062acb2418c176a475511b35c3f6218a5668ea5bc6f54b8782",
    "right": "f8b340f00ac1beba5e62cd632a7ce7809c725608aca5efbf7c41f237643f06c0",
    "merged": "09e728c48f34b7ab539be2fe1399e965ffe8249622090e864192da400311e1ec"
  },
  {
    "left": "997207171de867f9d697bf5ea6011abcce6c8cdb211394d2c02dd0fb60db5a2c",
    "right": "17ac3dc85878a90bed3809dbb96eaa5426fc8eae0d2d65c42a479f088648be2d",
    "merged": "29577377b3c596748898520819c565a4008d48e6fde89ad663a3ff7c23cdbb08"
  },
  {
    "left": "c801d82a366fddc0ef234263c0b6417d5f9da41817b88d68e5e67195c5c1ee30",
    "right": "95e821f22524b20be41ceb590412e41dc648843fa9bfec7a3dcf61ab05415733",
    "merged": "073afb112b6a4c71fae95aee99ad93cf4c8f53b1fa506f86e4fe37c15de3b3a2"
  },
  {
    "left": "16d3fa8151629303fe9741562ed065db4ebc0050ef558364ae81124a28f5c013",
    "right": "13232fbc496dfd8a2568657b686d7214382a1a00903017dda969878442ba5aff",
    "merged": "1a1f7a2baebe2da910e6176c1816d8af9922596f832cf5d548fdf6d1d6591b3b"
  },
  {
    "left": "f6613f553cbb233ce46d9aee93a7876cf5e9e82912b18cadf0b34327b2e0427e",
    "right": "cf66b7ceb7c0918dc47bdff12a062adf07133009ce7a5e5c917e0168306109b7",
    "merged": "1053fc28ba612b5d1a1aa63a9ac4971e8d98ead88b07806d90ffe20f1a33e014"
  },
  {
    "left": "cb49653a6d2caef005de783a9a9bfe05381ed1348d94ec65886f9c0b619c52c5",
    "right": "533800b16c836172b95182dbc5eec042b89e22f11a085b739a3611cd8d836018",
    "merged": "29341c47b7f498904bed79adee9c55c5c6cff00e80d4a6089a1dc459bc8ac795"
  },
  {
    "left": "c4fff0b86c02ed662d2d2522647a1f09a7b2f9eea56e7e20b1f06ccdd9cec37e",
    "right": "3b2d20812df369978636c22646603675804104745d2997e28df5d8242aad19c8",
    "merged": "221651190d97f531c0710d6cc90d6b3b29dbd6e280fac7df7b25f13d81a65ee4"
  },
  {
    "left": "120ca4142fb6019fccecf9fadb04ade03b341e3fc77201b3dc957a8097ab2f61",
    "right": "5aff142ab753811d5f32e75bc8825b456555f3d179ffabcf35f6ae61365851f3",
    "merged": "26548cd6be1bec68292f5e62b36905b425dd3e0dd6cb797ec238770b03db4a8e"
  },
  {
    "left": "f681a2e86e8078b064976646186394cb9064767750dad4e336b8f1d20fe2c13c",
    "right": "6248d3d73d4d66d9c8587ac68a7976a3bbb8b5808320607400dbdb1918e3d3b9",
    "merged": "01b5e0f93263dd2736da3f586ad2ba79cc65e0232c4da180b018ed3bb8636bd6"
  },
  {
    "left": "0cfc38c4ddfade990a213d208fbf7898334f4deed7e5830fd266751315435ae1",
    "right": "9bb94f4d3dc92652f243dd1f96f3595ab473d2356d8fa8f6d64cc4f64b12ca99",
    "merged": "05594e22a8fbaee97d9144318f4dc3e869ee80808efd6accc7e31f4a8580cf8a"
  },
  {
    "left": "ecdd1962572e6add609d9c619aab678b3fc298bc2f0f81feb4f0d3ebad7e850a",
    "right": "8bcb52ca467e649de2db913bfda001294c49dc369f7d14cc25c5fa65d4d5af6a",
    "merged": "0f93c8c512e791cd501f9e4645cf3b02f0c32d8366a2138e52520af43ca2a298"
  },
  {
    "left": "436d22bd2839be23dd3c57825033fecdce2ded6c511dbeaf4df2b4cbb7af8215",
    "right": "bb48a550f57d02750e599298f512b1ec1829722fc10a5acf9537e392a7284559",
    "merged": "302834d71cfa0e5b3aa11b68a5d6e27af09de3c70decd792e792e250e210c030"
  },
  {
    "left": "05d3ab4837dece4b63fdfd5dd07a2b76a8c82566df1a2167dae5e125b6aa0e76",
    "right": "b9d99ca84664f50eeea54e449f0e587039137f57543d89205483141c933166b6",
    "merged": "017affe33338c337653535b549c613aae4378dfe405abcf6fbe21e1877704d3e"
  },
  {
    "left": "1990a706aca07f467d22bc34c6552f5bba91cb1fc21db51d03dfff6523a5e1b4",
    "right": "285d54c47660eda1b290e4087b30651b542305a714e98a8233577d2afb383e40",
    "merged": "0005d8be24d82e487bbc695a8d738308276c3b15bd193fab56e9f7ea604cf75b"
  },
  {
    "left": "2f6b9fd214b194c738886bd2289cc5f997951910994b0a6104092fbc9b385639",
    "right": "343cf26c9faf845e7a98cb1f2c9306e8200185d95de059f83ad17c4b97f8c62c",
    "merged": "0de60374d00d16b6d767c77aa70f67150221c3869efca98f6909d333c89ea305"
  },
  {
    "left": "f6c347dc6eb5f2b1f4bf2dd328130d4500ca39beba2d4281a3d8ceb4cb1ecde3",
    "right": "78b20029fb6a4c543312e41013915c57016e5da681944cc277f9c7e75f4a654a",
    "merged": "24795686aead0ce813340074d8cf84821b25f8df820a0443e34e943db206be46"
  },
  {
    "left": "b2e5dc646ada242b6223aacc63674f9702146723360811adbdf2bb938b595bf4",
    "right": "c688a8a844130d9da3f0efe3650c2283640b342f8922fb6dd10b8bbe35c7aebe",
    "merged": "03fb6171231b2a819bf7af141cb20ad530698c7d16f018f28c1d72f84e7e6bdf"
  },
  {
    "left": "ba416cb0180fb7d2b171149018f8d880463ac26202c2b72f9a7cf83a917ad261",
    "right": "83f8e74cd418e3b63459f7ad59849ee43cac6df3bb63fceec1abe8e9e0b64b23",
    "merged": "1eb80ccacf8b13e653ca00a223660c4d83c1a9ce406e27987475e99003510941"
  },
  {
    "left": "3a43aac54f9ba0998d2219b3baca111940d524b7cf94677d6c557750fa4db9e1",
    "right": "077eedb5ba6e33c104ae25443c86bf1583353addf6fddd19a4ff491188e3d487",
    "merged": "1e0daf6efd0f0bc4f76c664625545f71e728a1a8419b342542a88e0a9eae39ca"
  },
  {
    "left": "8769611b36427c8f4c705cf42338475c3185c123919b79b3a4887243b924509c",
    "right": "9a4e7a3fff0517021e51642d9b4526c28a0cf86fb254be7eab18701ca5919b75",
    "merged": "2f2d75966873ae4bfd22b16c8762aaca2e15dfb9c0ebc1efffe9fe755948a367"
  },
  {
    "left": "4ec2506eccc087ac6141b4c3a661a3d1a89e0d4dd2df52caa5b3402d0026b3c6",
    "right": "43fa7126e8ed101a94188a048b34ab61e1182d6be76e2e9e6acf401443ed0d99",
    "merged": "0511e1ca4ad55c86b33dfc64e7706543c20223011decaaf2e427575b9198e783"
  },
  {
    "left": "7dd5ae67346cb1e189791102900225e6b955cd7c9e39fc7255021045fe7ecd40",
    "right": "e2c68486a4c2fbcdbc53e847790dafe5b2cbdca09bf09de327076c79f2a339a9",
    "merged": "0244bfb49c2556a30fd2d7e7510efe42889cc6eadd790f21ccdd049afcbed2ab"
  },
  {
    "left": "f942dfa372b41a390eabbbf296383d438466ae6105b5058117b8e406dcaa62a9",
    "right": "8ac624d30bc8773de643cce7578e8d5c57c5718711421e6d04a182f8714e192e",
    "merged": "1ea5d933934e6bd1c995bb30a1cd89ec275ee9a57c245893db0509fbef542f55"
  },
  {
    "left": "df3935cb2e0380e10c77aa6583832deb64cb41dc401541504e0420d06379e483",
    "right": "0f06125018db3810a684c4e888b3b88829cf97ec67fc8549703f9ea5d6b8f67c",
    "merged": "19bcfa6a430cb9e85efdadbd5549336df71f88c7316debcfa3797074522966f1"
  },
  {
    "left": "e9e060f765532c323db034ec700db819936fbe6f749fd37ce927663f439498c9",
    "right": "8c5104d69ae9cd8b04444a471f95390873346858625420ed783203f8db371d76",
    "merged": "0a43310f0c2d7dccf4fd4c077315022fec3bc201005986bdb243421bfe2286d4"
  },
  {
    "left": "6586137459505525cb3ee59a7fd8ac3c1db3f5f4e0dab62b43d1c4cd813d998e",
    "right": "d83637f922f884a7584835bcdc03e9f1802b449dfa2d249d9ed7f2f9129815cd",
    "merged": "03575e7e43d5040d9d3056e2d9a833278e660740e2a4b7b75da14a247fa9e4f7"
  },
  {
    "left": "8d4ec4169ec51eac449ddfa5bc0f232d47323d4c48ab558576160103820d4858",
    "right": "77cc2bbab641d21d94e67b32cefb4e9ce5dac84d03ed3228ea3cdddd33f3915b",
    "merged": "1e21f4a29d33b762f22dd98ee81ec9b471c2e7094a8378f6ae59084f93737008"
  },
  {
    "left": "9e21b435bbed927a539b556ffcdd4c9822fd1ce81acca79b6f7050b0c01a3a31",
    "right": "7f066a1a89c81e4df8c7ee2e042203be8c290cf8605c193471953f8fe6055ac5",
    "merged": "05f3f76df2a5f8c693d7cf20058777f9d7fd8cd69284d64ba9c2a0190f8bfcd3"
  },
  {
    "left": "46670a4a075f70909246c3e3b92b39cf2f35ab49fe6fda67072a6e1b82364820",
    "right": "477fd522a746eac07e0398e873790486abebb50ec59a9e4129b7cea87c5182eb",
    "merged": "15e85a4b8ed6c6e789993151d01e63b308c57b17f75fde2f453efadf72c0ba16"
  },
  {
    "left": "43bcdf096ef740ef67482e98165a4ec64ebe9d57c8d8c16ceaa81f3203dff26b",
    "right": "3d5bf01edc0b0458b6b47846c326c75a822fc8b42774a3b201ef941484631406",
    "merged": "1280a095070a7d2809657220cb3aad4a06b7176c7837d3c70c475f26c3105290"
  },
  {
    "left": "cbbeac961ccf42860ebac578703b485844bb9e01b2d6c2df72b62b43bade982b",
    "right": "0bdd0501230fc76b820d2f5bd259ec791b33225e06afc2d996c90e756dbd4257",
    "merged": "0570d161f5f33662d4276c7ef36d87e4b52f7f3fb615e5dd788aef3caeae7767"
  },
  {
    "left": "d53ea6d6ff2371330035b57bf54c9dc4fa95d61536aac11cdb08a664efb55bc9",
    "right": "1a4c6f7fbe3efa8c621fd9f2cb343898979e7bcbd55b55217143493b6de415a8",
    "merged": "265a75cf983b39a359e511dc7a0321f75f04a4a2ccb65055283d070c3c58f176"
  },
  {
    "left": "5d681a2405113f3ada3edaee6eb0e78572d2baf9c43e3fc39b93081cf2fb3f88",
    "right": "79e810f417b733927525acb6d026f6ec46395620547d057a539a391de7c6f4b7",
    "merged": "2a6993cff638b6eb98f772df3ecef5dc49959caed44bf9939fa0f41998c82d6e"
  },
  {
    "left": "095911c2d3ae075ad4f2c0c96d9f70e48a42cdcdae542bae833eb4a976d4f984",
    "right": "10b4a3d77857762d1527ec6714a040baaec3bec41bf9cff00e1cf81ce61e95d9",
    "merged": "09cf032073c17269d4a65caed188c5621d9a3ed7a008269e02b048358c09d4b9"
  },
  {
    "left": "7792d7c0db7a88545f10d9b0a5940457018817725da257766906ffbc6172b9c4",
    "right": "d2d32a14d00c0d1d01e15280074a4a9fd2d21393f078ef55b16cfea532799326",
    "merged": "2644e0c8c9b4d45b5750fea3dc33af7c784be44557f2c720efbd1e369a0e7904"
  },
  {
    "left": "3bffe8e99e56837b2763abd221ed85d83f9187af8b9e928f00deff423fffdadb",
    "right": "786e6678a59af305cdc02546d0f8ab4681acc1f00069b0c47bbc9f13d12fd941",
    "merged": "1fe0c9ec8a27259595719ec42a1bf16d65de12ec74cabfa5d48b3da4500a3058"
  },
  {
    "left": "1f8df532096d53e4b7861839e602fc5dfa0d0b72232dd81d2b0e4b660a7eba35",
    "right": "3da27e66ceaf2d6c7734925247281866a12d67752a1edaadd1ea59e4e86e2e85",
    "merged": "0f4e2ac239e6d737f767b9c1984391c963a6fc6910b4bda321ece57c8285085b"
  },
  {
    "left": "a81a573cd68f6dfb526558d81a8f488f261f355ddac23f6caf07d27fda71d8f3",
    "right": "968d4ceeda89a09dcfdd00c17fa6db3658cc7ab02c0e5f44b1f526a7db9269e4",
    "merged": "14b470d72de81203cc0539d701ae1196634c6a14dee708985162ccd4c21adb5a"
  },
  {
    "left": "dcd1d11b8421c204c07a5de46e48769579718c69532f1671e552b92ef1451ffb",
    "right": "c7a2f412696c6d67ef071c988acf61f39319ca02dc853247be1f7f07b3bbd68c",
    "merged": "26b1c5aac79efb9397225834ec6fc4b47c31c50b37f5c5039b75e0e0e54efdfb"
  },
  {
    "left": "901ef36d46868f65d0fa1d1755eff6c2802212908250207ab65fce827f0a82f3",
    "right": "140ddc692cb5742b3133c541e0fe17718b546ad1fc8cb8a3a5af69a825a84343",
    "merged": "223b2a81315d38ae4773137b12710c7b87612e0db300dc4f1415843f69398865"
  },
  {
    "left": "c378d7b54f917057a8d026d4a59931ff9e24ab95bce2bebdb3a4286e000a4c47",
    "right": "e74cf82925dea07686dd20de228828705d90638661173e703e712d69b043dceb",
    "merged": "01f3c379a1752f40db5c436c7f8dd334bca2c0c7431f48ef30fa89ff4e62c9ec"
  },
  {
    "left": "afdc53f132be3d04ce50d70b80dd118db00e45dfe953db87525880ba9f7abb0f",
    "right": "c481a5f3acfa363aa2153391aef0dbf680512a0fa37a6c8293865ca95015dedb",
    "merged": "1370d0863e4485762639c1a219b5016af471992501d92773e885a90ac9a23b6f"
  },
  {
    "left": "f6a21992ce1feb5f499359e288a3255ef3fbaea5b01440bd787251caf362326c",
    "right": "7ffad20086aa7fcf35e95bbf398db75735e087e0863e016246703946c4e88bca",
    "merged": "01da74cb07bac406eb52cbc08dca02d001f5d77ff2ec5752f76163454e63062f"
  },
  {
    "left": "6fc21446146bd342aae88ad4249f9a38ca3e4ed0a88aa6fd746f578e5b414ce0",
    "right": "f2ce5ec76f87fa3b6321102ef7110b7e6d889b2b85bb11fcfd4ab2b3bd5f92b8",
    "merged": "1d2ee97724b448a2bcecc9920b7e3c2787e3b965264293514ec4a9633afe0c8a"
  },
  {
    "left": "a2f66166f0695c0b13f32f97efaa0cde4f28e1674bf120e03fa15980873a1c6a",
    "right": "b674c085303fdd74832cc1df5ef787ae11c6e6a9302c1488f36996c170367078",
    "merged": "065eb333766134951788bbffde9f1d820bb8f9d575023f77b6fd30f178b0e8d9"
  },
  {
    "left": "6c05324f99d9d2cda1624db95b8eab6f7e10ac5bc985d6536cf667307a577a25",
    "right": "55888bd9302cfe704cf72e59fd28b6daea343a83531a10a732d65ce93f523a03",
    "merged": "27834c9bd7278d7a5aaf856db4c5555aeccb1807ec1906601ea977ae32e83afc"
  },
  {
    "left": "e5e791efd5ac502bb0a1f756e93208746240bc7bb1c085728ccc8150d8ea74b3",
    "right": "3aebc59567e65b7e2bd83699f607412448d202d948bb111badd456d68086ff9a",
    "merged": "1461e15fe5bee725012e5cc5c3b2f6acc3efa47b4f0173268c38c81add174b2f"
  },
  {
    "left": "5906ea3b2cda4111d3638391f7a7b153eea77ab47215d6fe13b350f59f884c6e",
    "right": "31ac087239d9145b816424cba2c8bcb7b3ed7e19638089d91e5c9136d2aefc8d",
    "merged": "11d61286be807e1c76f3f90a95024685789f6fab254e359000174f290ce09634"
  },
  {
    "left": "a165284b42229a70346296a7484648daafb9b88994d8823efbce9e029ace5170",
    "right": "6fc1e6e194b7d8906bb83be681a96d50f4a66f5af24aff5007aa2052277d75e1",
    "merged": "0edaba1524818c07c5fc2e90c79ceef740f630a585834adf5e0b94ce9b3c1f63"
  },
  {
    "left": "c6fcb719ae789587e73bfb11029b2ae9e380cd7b4fbd78f0c5318ef61802ecbf",
    "right": "e5d91ba28184e96963366be3d5b063b5b664002ab0682e5820e3f9d30afd461b",
    "merged": "0ce8e297bd7de20f8637673c2fe394b419a38dcacdc5bf2564d43d87e1a4ac86"
  },
  {
    "left": "3046cfc86f29605458ae94054cc2967ca77f102f97bae3454bc190726af88cff",
    "right": "d5f0f05e18d31159ef2a9d9800f48d1b6719617474f1b3594315795822976613",
    "merged": "01f2ed6241126c7044abf435af71d2dcd1dbad6940f4c3a5e35f86c9644b415e"
  },
  {
    "left": "cb63a4d6996505f4a4c57f3454ec101f5303f5b84aa8236843fc51d63d8445ad",
    "right": "5c9b4f4e15aa0395695cde980a6d48936146c519fb84ab775647e2cf809135d1",
    "merged": "2040580ddbae573540278e1c8e2c679367685847045cae6c246a3e4f002a4d0d"
  },
  {
    "left": "0b12f7e632654c679f92988b79021746c867a8e05102bb98f8fe7d3d7c005f69",
    "right": "0d9ca7c6a175ff26ed82b873d63df4cbea0218bad0cb9a8c4404526f9806e2d4",
    "merged": "179ced27c9e98548799e1156244dc84ef17fabb0d5f6032f83745cf483aafbe3"
  },
  {
    "left": "fbf37e84b756561c67c3a5732966dc4f0701063eaa7d3a52a2b5e4a8c9acdb30",
    "right": "ee8b9f5125f76bcf7b22db897de9a8a9560c54118f31dccf49e87527d188fcb8",
    "merged": "2f8c5341b2382a6a42e250716d9db747cacd206f95a1fdf35ea16d2e0415737f"
  },
  {
    "left": "1c6f5b28a37a1dad399f8c4f2d2cedd0f71a6937c10aa78e29f82b4f5d12e74e",
    "right": "fa4fff5a8b700664959913542472af8df1acc815617dffd8e01873b1290e5b94",
    "merged": "1052e92b6bf11327ffe5c989f8580bbfe2f2648518ea1139156e6d2716995733"
  },
  {
    "left": "fc2e9349517916ee0f7315369649f30a5a9feee736882f82b5e4d0ffca74cb98",
    "right": "dab997217f7a461a34b4e7a87a933c6a2a21a63ba0437a12c1368cd74e621f47",
    "merged": "03329aa00b58f58865695952706c5a7beb614375681b305eb1a2f30aa6e35bfe"
  },
  {
    "left": "4d1921742f5adbb26bb811fc0eb71fb828991bb21b8089897b83ae61d2c9d015",
    "right": "dcabee391edaa47c8814d76ecee6b7af3979f04e1c52b4bc3d5f46cc79301fc7",
    "merged": "1dae082a407f6a425a699e76ac6987d7e9af7a2911403f2531b678ab7f6d17a8"
  },
  {
    "left": "40693a47db68c22a39fb722e32605a150fd57c56ae63ca90e40059f26b6d5a73",
    "right": "929f48ab33f1130143850fe2383e95d214cf585971d8d14b10175ef1e06b540d",
    "merged": "0f0044b1a735fa636132d987877b618592786e80ad33ab5781b4e15d909a54fd"
  },
  {
    "left": "8f9e3e29f60ed31e7a8effe89a827cd82b647739105d305188d0f1d628187dca",
    "right": "d530fef13ffb3959016d7271d2ae5ed6750591c774c0458468357676b6e16dfc",
    "merged": "219a4127194ce8ff821264cf295f19e69933a83b647d74388fd3b3d546b0bffe"
  },
  {
    "left": "cfaa9aa876b986ab6334f1dd995c400ec2f54d837547a59632f8ba09f076be49",
    "right": "be6ed506c3a8ae3482140720d9459ad6ceb67c5878a3d470e35d8cc999cf2309",
    "merged": "11550a704d7ccfa831fb828188776ebdc295f539a9843a827967fe27071c1c06"
  },
  {
    "left": "305182e87f493edcefd416f8508d45ba6d63e06068a37292c4089a44a901ca1a",
    "right": "216199258016bfefa8de980e3a584f80a91be8e7f24f58331bf5fa241834b613",
    "merged": "281015b40085f1ad506c4b5fe0a33f3a7088322aa921dd8c99f5f7e6381a53ec"
  },
  {
    "left": "38c97b885891b18fa38998a1653518ae7d789d760f4ca8d468092e26bfae63fa",
    "right": "73cdebcc3309068f4515b14fd2fb2362ee2ef7e29f479fd1beb55b485ffac908",
    "merged": "2910afc6005d4db1469bf07f6ca980cdd696705f7eba0bbf9a73e71eef013815"
  },
  {
    "left": "42d56a92fddeb287c383761677bdb435cd93c38b37b9c09ed22c2249f991ccec",
    "right": "eb89d151340af1a2f4bb084725358747dcc981de16d44d3c146065d591e91ff9",
    "merged": "2260abfdaca802803825886a00a90ba557c5e7b3d77daa3fb5f4699382071fc9"
  },
  {
    "left": "856a6fd02f673aa0330e9bd7158d55e5adbb21c367dc2259e7015c567832d0e4",
    "right": "56af9602c93ec4d1b131a3d06d42a2d9d5d4d0860ba9199ee2784f22cf98aff2",
    "merged": "18ecb0fa22e8ff30eea193bc649c5ffe76af5b2fa313df31329f5e55f9aae346"
  },
  {
    "left": "7e6da102dd36362d7bf76a6c1ea387e0cb7102f8abd40ad2e9d8fafb79270cb7",
    "right": "c81138cbe246c0d4e7c70501f2975c155b6713511e8c2cbb7db2a83e1a486496",
    "merged": "0348030b501e2582ea2dc14301ebad3159aad614bf9467ce3da0bf7b273628f0"
  },
  {
    "left": "c2d922cc229cdb7d207f6bab3a15bc83fd3322d5af189d92b91e22d5b461c016",
    "right": "4d55cddbb1c4b2f9ade5e5509c1dc0d4d2901ef7e844905e226e7de848baf023",
    "merged": "2c27452e0818a43be23bd6d724d9cc7ad652da8b074c8a0d70d418a5f326d0bf"
  },
  {
    "left": "0f662fba30d7f6f6085a0d3190ffea1f3f58e3d41ba50b72d4a4a49fbaecf4dd",
    "right": "2f2cfbbc2799d45da1f4e7072aaf99928b3ec2bb70f30ca0c61201b524d042fb",
    "merged": "0d4ef8c0ef43f370033f57085b55a51f4189405631f012f2f6ee33a6060392b0"
  },
  {
    "left": "8c87e11160769b7b004c34dcd33194276815bdedb37644dc6b3d8197d891e4a6",
    "right": "ef9fcac6cc7504dd7c7207ecff088c332f38490584b9c7edc494a504a67cc8da",
    "merged": "0651102ca357fa2d2c0d2ee20b66fb03d2bd1ef5f6d628053959beb44a1fd43d"
  },
  {
    "left": "4cdb8b378d96420aeb69000a3bf5d56201412abb9d74fc58c48822b002a06e4a",
    "right": "43f3bfdee8a97d7cbce9d30619bd2221ab592ac2fb2f4983a384ad500036efb4",
    "merged": "0f90e3e8a2f3dfe9144eeb7a0ba12a5e7ae0d3bd4a0d854a95594b3b72ded8e5"
  },
  {
    "left": "f57060718c3e158acc124be4cdbac6769f4f2d31f94ef248336b6306fe8ff561",
    "right": "083d381e53a4753e00c37215b3bda81c865a3b3d13696e0ba0d7e693acfc2604",
    "merged": "05bfab6f92a0b4535a20b251d32e3ca072cd92a848144533098891b61ecd2fac"
  },
  {
    "left": "1dee4be85e40d0315f2e333b615d4ee2ba10fba1c2ad0cc752ae4858634eddf5",
    "right": "ae30a213a2e49f4c754870f76a6ff7d99aed38765f629d3732a306a3437f9afe",
    "merged": "126da50f0544a1a8fa13c95b71fc5935ff27d97e12885bd3f6b07d4d645742e8"
  },
  {
    "left": "de3bb535558d42c12dff44b828ad7be8cac11b42bbe6a93fe847c720f878cc95",
    "right": "2d07a62966d9e71434b0e0a8a7954434d56846d3b4a3fadc49cd0a1c9ae41d9c",
    "merged": "09935c705e2cb439ca0c55a65bc37a79be1ffc3144f3f201afd44601d015e215"
  },
  {
    "left": "d6621e6a2f941085674640294fffd3e2fa4f42156e5479f44f1a91da28475f8a",
    "right": "c5b2be3f6f0f2eb67f08131a44f7f55f2632e809823f5a9277d5bd1de1469830",
    "merged": "12f80a5c131fe1b36cb7a7f26e22dbad0039651754e74427a6dbe916320dc454"
  },
  {
    "left": "a9274e953f7df569235e674461bca46af7920a0b211d2ee8178f74fbf68c1724",
    "right": "d1b3c5434167e5f0e2e921f3fb6f722c843d40f8f58b7c8018b01d102625e29b",
    "merged": "1101d73f1a3e145ba45c27d2d455b5eb3a399b60bd6dbe04a773cae1620244d8"
  },
  {
    "left": "e2af5c555bd3f739a4f3edc6da860a5d75f6a91a5d184ffd860fb9a53564e73b",
    "right": "5d240423a653f1e809e5db896de10fbe8040b8161280deef34840351fa84ffd0",
    "merged": "148a7e2b5d0f9cb73efc85844bdf2c904331e3f284d565dd1ada88c0c44a207a"
  },
  {
    "left": "788437c9600828b8de20afb4688e27d3caf3760896c50ef81fa3cfd607443614",
    "right": "9b85f754b4f314983667e2a37aa9328f71a63cf59b0b06065991ff6ecf22c90f",
    "merged": "05e852fdf6683c77d7ac30debf804ab63559eae2a5d33c29eeac10fe363616cd"
  },
  {
    "left": "a09660d21ef0e3e991e245ed30b4b04f17472270f998ad080bce5255689d064b",
    "right": "bca3052aab260b768fbec6a56a17ee54d4c12cd96558fa469c8fca1ad972a259",
    "merged": "1912f15bfdb6bd1d09d518a67ef32cf03fd8acc6f44bb5d45675083f45db8d9f"
  },
  {
    "left": "f3b84a404106af36c494cb830d3e0cb01b6b44ad7826e478a34fdfa7015a91e3",
    "right": "b3a4c08e9428a4cb102f251a7977b235ed425b7ef21f1e5595d92e5252d4436d",
    "merged": "17a04d4e95ca7b221c64a97a36d6e1eb929000ccf196d5646024bb775c4df401"
  },
  {
    "left": "1b9df198f83db437ee90aeeacf94af024ffd87c3d2b3e6594a75753cd2967fb4",
    "right": "de858623a29b06feb432a72a535bd981bc6ac99710f2308e8ab17654d1e2bb12",
    "merged": "2570761709b4929f0cbd27560d27c74c6ce367ee3db4ff6daf43e2a5fad779bc"
  },
  {
    "left": "f0d01f6c9ff71befeb0b8a8176a3cb3989b76797134974d19af22d03f60bdb4e",
    "right": "814de7109030e90ce8fb8d114522fe2b06792677ae3f7d235dae091ebce1e537",
    "merged": "013124471df146d24a65c37017ae13f34c598387834e4b5d47c52f5a333432d0"
  },
  {
    "left": "0694c6a51db474c512fc285a1ef1fd474daabb93262d07490193d588f30860fb",
    "right": "834100093fb78ffa85ed4d0aaad4194ebea9059da23885d4efa67bb268ecabda",
    "merged": "0af9a00bbd309533715cbbc6b3021cc571691acb9e66add7fa6b1b93d8a9f352"
  },
  {
    "left": "23ea0f4618d0c4fd7b7739aa04212c276b4a9cc4c572863a2070a8e7f03b11a9",
    "right": "4535b4faffdba896fa0dd006eb5507b171cc12b2cddd381fbac78da4bf99ec1e",
    "merged": "27a4d6080b213ccee464eb9f825ae8fb9aefa9512bdc712cffabe2e9b8ce9552"
  },
  {
    "left": "9c19e5aa5adc6a4725272018970f1b64932e09d8a2f073ed8a69bf983884417c",
    "right": "df62850ed3fefafa3287148fb864768fc61a3ef2bbba86d9b9fa3d116d00fa03",
    "merged": "174df6ae03a2f67b10e661a2a28d3306d3e7a763a9f868ad52bee241bb4bc0fb"
  },
  {
    "left": "ccba91d7325350eefa4efb7741618ec791ff5be602dfacfc61bdc360a30d0ae1",
    "right": "6ea28d7b8704070593cef54b05de23ab5b3fdce377a6922919909f5208434685",
    "merged": "1ad91aaf7a92b43f5828214672264a292c35325d657e011b1fd35dd5d37728b4"
  },
  {
    "left": "df43a63c66f441729f04083af63ccf2ad09c6bd90e0340f7326cc07b715cfa20",
    "right": "a02c6c653a939234ed302a4f7aafe658577fc1ef924e9b134aa59fa4b73eb0f4",
    "merged": "279df3be91d366300dcad2c1aedcab9f400c62f169b98c81b766913ec711d276"
  },
  {
    "left": "ebe5842666a94d53ed8b1db65e07f0c224a749aa57f1f2960845705dfa1d552c",
    "right": "514ede74700a3e7412852399c9fd28b5ca4d6b53128ee47385108572f7e2cfe4",
    "merged": "259ebef34b674c08072e147f5ec9ed00d1914de39044e87807cec8e845ff961a"
  },
  {
    "left": "8f530d653193e12de05ec8ea31e9f040b0e7f9faeb4ae6928e630eec7bb33e21",
    "right": "3c3b8d0f7b26050a7c1a3daf7c81957814165291d76ea64e9c1d2a61bf28081e",
    "merged": "27fb112eedf4f978994299ce14b267191e5180b2c45c87f84d56396d5b1f60c2"
  },
  {
    "left": "af4c29ea559d2ef584f4dc5346c5468eaba16716c7040c9d39a46373ef4c6220",
    "right": "27e67cc971be8ccb6f4729fcbd341023a76b81a396f3bec9783f0a2547e66dbc",
    "merged": "148fb94561ad11a0db1849049e675d976e17c09dde6599ea6a785cfa40968f46"
  },
  {
    "left": "6d44bebd692e60522b515035f58d51696212f509323d8fdf4f81a3c0cec5d807",
    "right": "b15ab900a61287064846d1b0b66af50f2a730391fe3f677e5e84d10908d83e18",
    "merged": "259738acdf57d42a8fb561a99c1155134e5fa4a4cd33e51c4906da9a25e884b4"
  },
  {
    "left": "0b36b96a99cdbc6bd4421b11be569976680031f71af13af66ed3b5659764cfe2",
    "right": "4f947ff376beb30ffd1e60ebb693703366d7cec799d26c207d67d3cb54f1c123",
    "merged": "1d264bbe3c58b7a7291fab72298bfdabc6b55bef7453af18d36d2495ec7dae3e"
  }
]
