---
source: pkg/hash/src/lib.rs
expression: results
---
[
  {
    "bytes": "",
    "hash": "0000000000000000000000000000000000000000000000000000000000000002"
  },
  {
    "bytes": "00",
    "hash": "24f8c162c4a75a200f3d486f5910b1ab8fe297ce1cce94e55e2af0da0a421507"
  },
  {
    "bytes": "00000000000000000000000000000000",
    "hash": "24f8c162c4a75a200f3d486f5910b1ab8fe297ce1cce94e55e2af0da0a421507"
  },
  {
    "bytes": "76b8e0ada0f13d90405d6ae55386bd28bdd219b8a08ded1aa836efcc8b770dc7da41597c5157488d7724e03fb8d84a376a43b8f41518a11cc387b669b2ee6586",
    "hash": "0325940bd4ad5e8faa8b2e322d40e60e4cfeb7461097df6573a11a6bf2a9cf82"
  },
  {
    "bytes": "9f07e7be5551387a98ba977c732d080dcb0f29a048e3656912c6533e32ee7aed29b721769ce64e43d57133b074d839d531ed1f28510afb45ace10a1f4b794d6f",
    "hash": "0952ac772a083254cf44b3455bd105de148137310efaefc6a2168b3c6fe29bce"
  },
  {
    "bytes": "2d09a0e663266ce1ae7ed1081968a0758e718e997bd362c6b0c34634a9a0b35d012737681f7b5d0f281e3afde458bc1e73d2d313c9cf94c05ff3716240a248f2",
    "hash": "140ed65ac127d40c634b1fc5109d11c41fe1a4fa1d003b5c6291b8e64e00c6b7"
  },
  {
    "bytes": "1320a058d7b3566bd520daaa3ed2bf0ac5b8b120fb852773c3639734b45c91a42dd4cb83f8840d2eedb158131062ac3f1f2cf8ff6dcd1856e86a1e6c3167167e",
    "hash": "30624ada7dbb390f7b69fa959f6f37f5bd587a75350a3b236deef9f2f8762191"
  },
  {
    "bytes": "e5a688742b47c5adfb59d4df76fd1db1e51ee03b1ca9f82aca173edb8b7293474ebe980f904d10c916442b4783a0e984860cb6c957b39c38ed8f51cffaa68a4d",
    "hash": "0293dfc64198a3d5341b177dfc809afb7c4c172e7e654f4651166b3a3b887e68"
  },
  {
    "bytes": "e01025a39c504546b9dc1406a7eb28151e5150d7b204baa719d4f091021217db5cf1b5c84c4fa71a879610a1a695ac527c5b56774a6b8a21aae88685868e094c",
    "hash": "0d1b59e135e83dc2de18cebc4d3620f4ab1b8fafa879ada067088d88e7a8d0e1"
  },
  {
    "bytes": "f29ef4090af7a90cc07e8817aa528763797d3c332b67ca4bc110642c2151ec47ee84cb8c42d85f10e2a8cb18c3b7335f26e8c39a12b1bcc1707177b76138732e",
    "hash": "1b7c3ed4362d15796ed39b364423a99a19ab085f797e0403fb13ceb6998bfa8c"
  },
  {
    "bytes": "edaab74da1410fc055ea068c99e9260acbe337cf5d3e00e5b3230ffedb0b990787d0c70e0bfe4198ea6758dd5a61fb5fec2df981f31befe153f81d17161784db",
    "hash": "0e7534766e74e68e93bfe07a480b22e8ebadacd54fc42b6b0310af0477372c00"
  },
  {
    "bytes": "1c8822d53cd1ee7db532364828bdf404b040a8dcc522f3d3d99aec4b8057edb8500931a2c42d2f0c570847100b5754dafc5fbdb894bbef1a2de1a07f8ba0c4b9",
    "hash": "2e84e926c43ea9ba44f3e950bf9748b6a084468f7a52f6e4e67522c0885187ca"
  },
  {
    "bytes": "19301066edbc056b7b481e7a0c46297bbb589d9da5b675a6723e152e5e63a4ce034e9e83e58a013af0e7352fb7908514e3b3d1040d0bb963b3954b636b5fd4bf",
    "hash": "1be291b293429fd40293d5c27ce3302987973c4786f0db64624d79c8076942c6"
  },
  {
    "bytes": "6d0aadbaf8157d062acb2418c176a475511b35c3f6218a5668ea5bc6f54b8782f8b340f00ac1beba5e62cd632a7ce7809c725608aca5efbf7c41f237643f06c0",
    "hash": "12c8f2f6223807ea574d6ffbf6f90302f3d93b5ad601c264c68367729c587161"
  },
  {
    "bytes": "997207171de867f9d697bf5ea6011abcce6c8cdb211394d2c02dd0fb60db5a2c17ac3dc85878a90bed3809dbb96eaa5426fc8eae0d2d65c42a479f088648be2d",
    "hash": "0bacfb8e9ba58e70999e46d6be1c16a4f806ce422ebb90aa6c64b1776da18243"
  },
  {
    "bytes": "c801d82a366fddc0ef234263c0b6417d5f9da41817b88d68e5e67195c5c1ee3095e821f22524b20be41ceb590412e41dc648843fa9bfec7a3dcf61ab05415733",
    "hash": "048b66830949299d23122419a8d44f9c8786d5782883f76092e10745b83f4de8"
  },
  {
    "bytes": "16d3fa8151629303fe9741562ed065db4ebc0050ef558364ae81124a28f5c01313232fbc496dfd8a2568657b686d7214382a1a00903017dda969878442ba5aff",
    "hash": "0e98f36e8d5df2022e7c0f388a6349eef85d415ae9c3c18cc75786ea2d1f7248"
  },
  {
    "bytes": "f6613f553cbb233ce46d9aee93a7876cf5e9e82912b18cadf0b34327b2e0427ecf66b7ceb7c0918dc47bdff12a062adf07133009ce7a5e5c917e0168306109b7",
    "hash": "20587afd369f79d155affe9833d113b26b8ba4ce216f7c3af0e92c5fb52d7b8b"
  },
  {
    "bytes": "cb49653a6d2caef005de783a9a9bfe05381ed1348d94ec65886f9c0b619c52c5533800b16c836172b95182dbc5eec042b89e22f11a085b739a3611cd8d836018",
    "hash": "2949c806c28c1906b8e107513692466afa47ff5b00fab95e326c2786f8fe3a62"
  },
  {
    "bytes": "c4fff0b86c02ed662d2d2522647a1f09a7b2f9eea56e7e20b1f06ccdd9cec37e3b2d20812df369978636c22646603675804104745d2997e28df5d8242aad19c8",
    "hash": "00627c5b00f0c817b0df696a2355254804793946ce243d2484ec7f96fea3b318"
  },
  {
    "bytes": "120ca4142fb6019fccecf9fadb04ade03b341e3fc77201b3dc957a8097ab2f615aff142ab753811d5f32e75bc8825b456555f3d179ffabcf35f6ae61365851f3",
    "hash": "1e2f8d5ac0d75f4a62df2605b404c61bd74d75ed97b5fa2e2e438221a6dc946c"
  },
  {
    "bytes": "f681a2e86e8078b064976646186394cb9064767750dad4e336b8f1d20fe2c13c6248d3d73d4d66d9c8587ac68a7976a3bbb8b5808320607400dbdb1918e3d3b9",
    "hash": "301b42dc48be79e809fc27e2729793c94f4644cc0d424dde2e81c8e0624a8dcc"
  },
  {
    "bytes": "0cfc38c4ddfade990a213d208fbf7898334f4deed7e5830fd266751315435ae19bb94f4d3dc92652f243dd1f96f3595ab473d2356d8fa8f6d64cc4f64b12ca99",
    "hash": "1d8c1e50d7a36c6c885c2050d3144c6093e47ce12cdcbb405ebd575c31526141"
  },
  {
    "bytes": "ecdd1962572e6add609d9c619aab678b3fc298bc2f0f81feb4f0d3ebad7e850a8bcb52ca467e649de2db913bfda001294c49dc369f7d14cc25c5fa65d4d5af6a",
    "hash": "0053858d66e6de0195f93a4493fd188538f7bc285742e8dca4809f3b8f6c2aee"
  },
  {
    "bytes": "436d22bd2839be23dd3c57825033fecdce2ded6c511dbeaf4df2b4cbb7af8215bb48a550f57d02750e599298f512b1ec1829722fc10a5acf9537e392a7284559",
    "hash": "26a189f3311bb97ca5dd270b6bc1aa77d8348b052ca811cdc4d6709334251d02"
  },
  {
    "bytes": "05d3ab4837dece4b63fdfd5dd07a2b76a8c82566df1a2167dae5e125b6aa0e76b9d99ca84664f50eeea54e449f0e587039137f57543d89205483141c933166b6",
    "hash": "0655f17bba1490a078ec2e20c9d4599a02d3a11d3cb04b7f9b5c46b90e12ab4d"
  },
  {
    "bytes": "1990a706aca07f467d22bc34c6552f5bba91cb1fc21db51d03dfff6523a5e1b4285d54c47660eda1b290e4087b30651b542305a714e98a8233577d2afb383e40",
    "hash": "1cecb8b30cc621eae80f586c541d3665679632eb851eb71cbbf82300eb80a1b9"
  },
  {
    "bytes": "2f6b9fd214b194c738886bd2289cc5f997951910994b0a6104092fbc9b385639343cf26c9faf845e7a98cb1f2c9306e8200185d95de059f83ad17c4b97f8c62c",
    "hash": "1ad59ad57a6336b5a757d788fed324da480306503a7a8fe988612438678c3d0b"
  },
  {
    "bytes": "f6c347dc6eb5f2b1f4bf2dd328130d4500ca39beba2d4281a3d8ceb4cb1ecde378b20029fb6a4c543312e41013915c57016e5da681944cc277f9c7e75f4a654a",
    "hash": "065760db51b58150a8a3527a3c07a28241b9e0ba19a12cd56c09d5cd8d8e0552"
  },
  {
    "bytes": "b2e5dc646ada242b6223aacc63674f9702146723360811adbdf2bb938b595bf4c688a8a844130d9da3f0efe3650c2283640b342f8922fb6dd10b8bbe35c7aebe",
    "hash": "25f6a88061e9e70997e00bd0d60e3539e34845de764f6093da2f902c117e79df"
  },
  {
    "bytes": "ba416cb0180fb7d2b171149018f8d880463ac26202c2b72f9a7cf83a917ad26183f8e74cd418e3b63459f7ad59849ee43cac6df3bb63fceec1abe8e9e0b64b23",
    "hash": "1f93694efb2b6d6e92941af60a00845a71df9eb11410126e6353014411e7648e"
  },
  {
    "bytes": "3a43aac54f9ba0998d2219b3baca111940d524b7cf94677d6c557750fa4db9e1077eedb5ba6e33c104ae25443c86bf1583353addf6fddd19a4ff491188e3d487",
    "hash": "1f4e5d6c73b6f97aa772f929b3874ab96d13e3c4b9ed46f0e02e412bb404bdd6"
  },
  {
    "bytes": "8769611b36427c8f4c705cf42338475c3185c123919b79b3a4887243b924509c9a4e7a3fff0517021e51642d9b4526c28a0cf86fb254be7eab18701ca5919b75",
    "hash": "0d38eb22ace443d740c22d7da84bf270f2f77b9614e9481c1e2872c5978198eb"
  },
  {
    "bytes": "4ec2506eccc087ac6141b4c3a661a3d1a89e0d4dd2df52caa5b3402d0026b3c643fa7126e8ed101a94188a048b34ab61e1182d6be76e2e9e6acf401443ed0d99",
    "hash": "1c54b9b6dd43f73ca403b807cb97495c1a13605991db1199c63be09a1b86704a"
  },
  {
    "bytes": "7dd5ae67346cb1e189791102900225e6b955cd7c9e39fc7255021045fe7ecd40e2c68486a4c2fbcdbc53e847790dafe5b2cbdca09bf09de327076c79f2a339a9",
    "hash": "16364105a77f70fc40131ffd82b27e3ddb812c5d234e710a41912b920dc744d3"
  },
  {
    "bytes": "f942dfa372b41a390eabbbf296383d438466ae6105b5058117b8e406dcaa62a98ac624d30bc8773de643cce7578e8d5c57c5718711421e6d04a182f8714e192e",
    "hash": "0163670992b5d9ec54ddc5ed6eb452c1a16fe3ce0441687c0d40818378789355"
  },
  {
    "bytes": "df3935cb2e0380e10c77aa6583832deb64cb41dc401541504e0420d06379e4830f06125018db3810a684c4e888b3b88829cf97ec67fc8549703f9ea5d6b8f67c",
    "hash": "0977ff81cac92d90c1bf3663e9866881ac87c244f9fbb5092ad4a4cef374d206"
  },
  {
    "bytes": "e9e060f765532c323db034ec700db819936fbe6f749fd37ce927663f439498c98c5104d69ae9cd8b04444a471f95390873346858625420ed783203f8db371d76",
    "hash": "1e0674182b353c58543be0ae7726d6cbf75ff67983f5214abcb3ef2aeaeeab70"
  },
  {
    "bytes": "6586137459505525cb3ee59a7fd8ac3c1db3f5f4e0dab62b43d1c4cd813d998ed83637f922f884a7584835bcdc03e9f1802b449dfa2d249d9ed7f2f9129815cd",
    "hash": "176ca194c690750a6d30312ab5bfbac753de430ce885c41b357570b672b89ed8"
  },
  {
    "bytes": "8d4ec4169ec51eac449ddfa5bc0f232d47323d4c48ab558576160103820d485877cc2bbab641d21d94e67b32cefb4e9ce5dac84d03ed3228ea3cdddd33f3915b",
    "hash": "1866a78b4e2c133a45d0a7372f916a83451d98a5cab060b1699e77b2d8dc43f2"
  },
  {
    "bytes": "9e21b435bbed927a539b556ffcdd4c9822fd1ce81acca79b6f7050b0c01a3a317f066a1a89c81e4df8c7ee2e042203be8c290cf8605c193471953f8fe6055ac5",
    "hash": "197f3e0502005733040b7536c3d7423b4e8c5ce3ee3de27a7b2fa8c4b01b0014"
  },
  {
    "bytes": "46670a4a075f70909246c3e3b92b39cf2f35ab49fe6fda67072a6e1b82364820477fd522a746eac07e0398e873790486abebb50ec59a9e4129b7cea87c5182eb",
    "hash": "23ad84c10d0884f94f33f9cb8669bdc375ee6c1804ea2dcb4f7eb193d3ca43af"
  },
  {
    "bytes": "43bcdf096ef740ef67482e98165a4ec64ebe9d57c8d8c16ceaa81f3203dff26b3d5bf01edc0b0458b6b47846c326c75a822fc8b42774a3b201ef941484631406",
    "hash": "3049c9dba3600d889f49a563cc5118ce2077cb33b6844b4fffabcdd46ac0aa84"
  },
  {
    "bytes": "cbbeac961ccf42860ebac578703b485844bb9e01b2d6c2df72b62b43bade982b0bdd0501230fc76b820d2f5bd259ec791b33225e06afc2d996c90e756dbd4257",
    "hash": "0ebba037c0cb8d3263b438b529766bb736d405b502be1ea9a1d2fbdb6ddbd49a"
  },
  {
    "bytes": "d53ea6d6ff2371330035b57bf54c9dc4fa95d61536aac11cdb08a664efb55bc91a4c6f7fbe3efa8c621fd9f2cb343898979e7bcbd55b55217143493b6de415a8",
    "hash": "0ab5831ea750d4547b69cabff61b5bb36210efb0cf8dcfd6348bc1fdb998c000"
  },
  {
    "bytes": "5d681a2405113f3ada3edaee6eb0e78572d2baf9c43e3fc39b93081cf2fb3f8879e810f417b733927525acb6d026f6ec46395620547d057a539a391de7c6f4b7",
    "hash": "01eefc394d50cab9225057813cd2220c58ccdbd7b7b7ad260d1d394d6ba438d6"
  },
  {
    "bytes": "095911c2d3ae075ad4f2c0c96d9f70e48a42cdcdae542bae833eb4a976d4f98410b4a3d77857762d1527ec6714a040baaec3bec41bf9cff00e1cf81ce61e95d9",
    "hash": "0f0677baf88d756e661d812283d2f627a364eed3538a17afd62a78b5f57053c0"
  },
  {
    "bytes": "7792d7c0db7a88545f10d9b0a5940457018817725da257766906ffbc6172b9c4d2d32a14d00c0d1d01e15280074a4a9fd2d21393f078ef55b16cfea532799326",
    "hash": "089aba747759ad1f741f0cb6eb58c3b07c8b72907a5fdf2f29078456fedfbe15"
  },
  {
    "bytes": "3bffe8e99e56837b2763abd221ed85d83f9187af8b9e928f00deff423fffdadb786e6678a59af305cdc02546d0f8ab4681acc1f00069b0c47bbc9f13d12fd941",
    "hash": "1568e535acea2d19fb48fcd8b7cc001f77ce0ed68770475f7d789de1494d1789"
  },
  {
    "bytes": "1f8df532096d53e4b7861839e602fc5dfa0d0b72232dd81d2b0e4b660a7eba353da27e66ceaf2d6c7734925247281866a12d67752a1edaadd1ea59e4e86e2e85",
    "hash": "0327e02ed57b1e9c860894a0c26d92ec53fbc4b5fb67a99dcb7e6eda73e71b0c"
  },
  {
    "bytes": "a81a573cd68f6dfb526558d81a8f488f261f355ddac23f6caf07d27fda71d8f3968d4ceeda89a09dcfdd00c17fa6db3658cc7ab02c0e5f44b1f526a7db9269e4",
    "hash": "154ddfba4ceb90becd0025a4cf8cf2739ed33a602ec5bdb09282580df5ba3367"
  },
  {
    "bytes": "dcd1d11b8421c204c07a5de46e48769579718c69532f1671e552b92ef1451ffbc7a2f412696c6d67ef071c988acf61f39319ca02dc853247be1f7f07b3bbd68c",
    "hash": "0031293ed1c746204e78b747db584e12e2550e044e08d32f3057f22067ad1771"
  },
  {
    "bytes": "901ef36d46868f65d0fa1d1755eff6c2802212908250207ab65fce827f0a82f3140ddc692cb5742b3133c541e0fe17718b546ad1fc8cb8a3a5af69a825a84343",
    "hash": "1ddac2644785b736323d6d1e42c78b805c637a7b2a3d31e4f2c1495fe7a020a7"
  },
  {
    "bytes": "c378d7b54f917057a8d026d4a59931ff9e24ab95bce2bebdb3a4286e000a4c47e74cf82925dea07686dd20de228828705d90638661173e703e712d69b043dceb",
    "hash": "29c9b67a951b7652a2c915a2b7053438568dbd52268378a72a9e726f5bb35d4f"
  },
  {
    "bytes": "afdc53f132be3d04ce50d70b80dd118db00e45dfe953db87525880ba9f7abb0fc481a5f3acfa363aa2153391aef0dbf680512a0fa37a6c8293865ca95015dedb",
    "hash": "19d51d6e9c0fdf702e37eceea33dd45aeecee4057b319a55230037d464fea90b"
  },
  {
    "bytes": "f6a21992ce1feb5f499359e288a3255ef3fbaea5b01440bd787251caf362326c7ffad20086aa7fcf35e95bbf398db75735e087e0863e016246703946c4e88bca",
    "hash": "2172c074c8ad02cd6b213c79cc2b774293fe1f6b95d1c89a493da657c26abfd1"
  },
  {
    "bytes": "6fc21446146bd342aae88ad4249f9a38ca3e4ed0a88aa6fd746f578e5b414ce0f2ce5ec76f87fa3b6321102ef7110b7e6d889b2b85bb11fcfd4ab2b3bd5f92b8",
    "hash": "178d34c4b8a60835e81a10f5f7034a7af78d886c7fd9d857aad7d349e5c095c3"
  },
  {
    "bytes": "a2f66166f0695c0b13f32f97efaa0cde4f28e1674bf120e03fa15980873a1c6ab674c085303fdd74832cc1df5ef787ae11c6e6a9302c1488f36996c170367078",
    "hash": "041407acf802fb85345326bf552eb7561b9ac17e4b1856f6b9f91590a819347d"
  },
  {
    "bytes": "6c05324f99d9d2cda1624db95b8eab6f7e10ac5bc985d6536cf667307a577a2555888bd9302cfe704cf72e59fd28b6daea343a83531a10a732d65ce93f523a03",
    "hash": "0ada31834e2418c0d30b9a2d6053e2f1d5917fb95bcecf18e2ed1fc8fa11f549"
  },
  {
    "bytes": "e5e791efd5ac502bb0a1f756e93208746240bc7bb1c085728ccc8150d8ea74b33aebc59567e65b7e2bd83699f607412448d202d948bb111badd456d68086ff9a",
    "hash": "0de137643d3cff539dcd0ce9d1114e1ffdc9c19d207b2b58247159eded63fcae"
  },
  {
    "bytes": "5906ea3b2cda4111d3638391f7a7b153eea77ab47215d6fe13b350f59f884c6e31ac087239d9145b816424cba2c8bcb7b3ed7e19638089d91e5c9136d2aefc8d",
    "hash": "0f629d99913be1c2478e8edae71d63d295e2bf8094ff8b26f584eea25659c073"
  },
  {
    "bytes": "a165284b42229a70346296a7484648daafb9b88994d8823efbce9e029ace51706fc1e6e194b7d8906bb83be681a96d50f4a66f5af24aff5007aa2052277d75e1",
    "hash": "193adcb346f018aeb618bc2b054f8c8cfbcbe5fd00b336be6338be43620cbe47"
  },
  {
    "bytes": "c6fcb719ae789587e73bfb11029b2ae9e380cd7b4fbd78f0c5318ef61802ecbfe5d91ba28184e96963366be3d5b063b5b664002ab0682e5820e3f9d30afd461b",
    "hash": "02638b8a83f6fad1c6bb9391075a7a0626d5736f1fc16531a145581461392b92"
  },
  {
    "bytes": "3046cfc86f29605458ae94054cc2967ca77f102f97bae3454bc190726af88cffd5f0f05e18d31159ef2a9d9800f48d1b6719617474f1b3594315795822976613",
    "hash": "05eaa5c12fbbc731ac3b97b51d6792ae51342c2d6375eed411f61f9798e51da4"
  },
  {
    "bytes": "cb63a4d6996505f4a4c57f3454ec101f5303f5b84aa8236843fc51d63d8445ad5c9b4f4e15aa0395695cde980a6d48936146c519fb84ab775647e2cf809135d1",
    "hash": "2d40d286e6bdc40b22ef4c2f2f039480cf9c9f548247d00049d5ac550a68aeb5"
  },
  {
    "bytes": "0b12f7e632654c679f92988b79021746c867a8e05102bb98f8fe7d3d7c005f690d9ca7c6a175ff26ed82b873d63df4cbea0218bad0cb9a8c4404526f9806e2d4",
    "hash": "183a361d7eeeba42ba85fa0d937b07c47f71b2e5803be965bd519b3f71228826"
  },
  {
    "bytes": "fbf37e84b756561c67c3a5732966dc4f0701063eaa7d3a52a2b5e4a8c9acdb30ee8b9f5125f76bcf7b22db897de9a8a9560c54118f31dccf49e87527d188fcb8",
    "hash": "065962cf8de4cdb4a39306fdac8207b61ba1453855e3b284b2880c444fd888b3"
  },
  {
    "bytes": "1c6f5b28a37a1dad399f8c4f2d2cedd0f71a6937c10aa78e29f82b4f5d12e74efa4fff5a8b700664959913542472af8df1acc815617dffd8e01873b1290e5b94",
    "hash": "1062b8735d18f40fc2d68dd5aec3f158ab75b5857a6019c9c4a3d7509feb1768"
  },
  {
    "bytes": "fc2e9349517916ee0f7315369649f30a5a9feee736882f82b5e4d0ffca74cb98dab997217f7a461a34b4e7a87a933c6a2a21a63ba0437a12c1368cd74e621f47",
    "hash": "16d4777c6616ad8adf93b5f331b879e9cd09166cae1bce61249f5392d397975c"
  },
  {
    "bytes": "4d1921742f5adbb26bb811fc0eb71fb828991bb21b8089897b83ae61d2c9d015dcabee391edaa47c8814d76ecee6b7af3979f04e1c52b4bc3d5f46cc79301fc7",
    "hash": "1e0749c0f21292bcca1e5809696f5126375165eef01c39c39e1834e43c4819e4"
  },
  {
    "bytes": "40693a47db68c22a39fb722e32605a150fd57c56ae63ca90e40059f26b6d5a73929f48ab33f1130143850fe2383e95d214cf585971d8d14b10175ef1e06b540d",
    "hash": "16e372aab30f0f88658c35c082aa9d28bb406206af3c9166d45d927dc140915a"
  },
  {
    "bytes": "8f9e3e29f60ed31e7a8effe89a827cd82b647739105d305188d0f1d628187dcad530fef13ffb3959016d7271d2ae5ed6750591c774c0458468357676b6e16dfc",
    "hash": "245bf67fb2e9c9de0a29b42274cf553c69e0210e1606798335386e5d4c4d4e80"
  },
  {
    "bytes": "cfaa9aa876b986ab6334f1dd995c400ec2f54d837547a59632f8ba09f076be49be6ed506c3a8ae3482140720d9459ad6ceb67c5878a3d470e35d8cc999cf2309",
    "hash": "01a31b82f16993b0764f4ac09e74e9f2285cab75543985e05c723210523dd61f"
  },
  {
    "bytes": "305182e87f493edcefd416f8508d45ba6d63e06068a37292c4089a44a901ca1a216199258016bfefa8de980e3a584f80a91be8e7f24f58331bf5fa241834b613",
    "hash": "0dc36e8ce8617300e88db17d55160e39af144c62ef1db2d5c628f6443ca982b2"
  },
  {
    "bytes": "38c97b885891b18fa38998a1653518ae7d789d760f4ca8d468092e26bfae63fa73cdebcc3309068f4515b14fd2fb2362ee2ef7e29f479fd1beb55b485ffac908",
    "hash": "21e6a059ffa062eacdaca2f80589ff60979cb3e12bebb9a70d93262d294a5add"
  },
  {
    "bytes": "42d56a92fddeb287c383761677bdb435cd93c38b37b9c09ed22c2249f991cceceb89d151340af1a2f4bb084725358747dcc981de16d44d3c146065d591e91ff9",
    "hash": "1a252a029c596ed470d83752991196d4c9ae27536b06d0ea08529784a0a9d0a4"
  },
  {
    "bytes": "856a6fd02f673aa0330e9bd7158d55e5adbb21c367dc2259e7015c567832d0e456af9602c93ec4d1b131a3d06d42a2d9d5d4d0860ba9199ee2784f22cf98aff2",
    "hash": "28eaa8c5c1c566ad40de103dfd03938deec1510e9ce73f78518a517a9e37a555"
  },
  {
    "bytes": "7e6da102dd36362d7bf76a6c1ea387e0cb7102f8abd40ad2e9d8fafb79270cb7c81138cbe246c0d4e7c70501f2975c155b6713511e8c2cbb7db2a83e1a486496",
    "hash": "2bd7300726e0c1b4cb513dcb0143166affa4effea5b7f5aeb3b3403fdf58565c"
  },
  {
    "bytes": "c2d922cc229cdb7d207f6bab3a15bc83fd3322d5af189d92b91e22d5b461c0164d55cddbb1c4b2f9ade5e5509c1dc0d4d2901ef7e844905e226e7de848baf023",
    "hash": "1b7a69bd4a365d1309203a0dc310bb7b24a1f01fc1d0f0e73d80d4dfde159087"
  },
  {
    "bytes": "0f662fba30d7f6f6085a0d3190ffea1f3f58e3d41ba50b72d4a4a49fbaecf4dd2f2cfbbc2799d45da1f4e7072aaf99928b3ec2bb70f30ca0c61201b524d042fb",
    "hash": "1c25778d26bc50d2a97ef3bf04b987d17aae240eaac539d68fc2ca7236479fb8"
  },
  {
    "bytes": "8c87e11160769b7b004c34dcd33194276815bdedb37644dc6b3d8197d891e4a6ef9fcac6cc7504dd7c7207ecff088c332f38490584b9c7edc494a504a67cc8da",
    "hash": "1c9fb3e6224fe0176d3d081c9944aeeffc9be54a5acffbeba91583e4a151195b"
  },
  {
    "bytes": "4cdb8b378d96420aeb69000a3bf5d56201412abb9d74fc58c48822b002a06e4a43f3bfdee8a97d7cbce9d30619bd2221ab592ac2fb2f4983a384ad500036efb4",
    "hash": "1736e4180c60e363f607df7e51c0bd3f08c59dc6d909f5dbe262a58ff15d4581"
  },
  {
    "bytes": "f57060718c3e158acc124be4cdbac6769f4f2d31f94ef248336b6306fe8ff561083d381e53a4753e00c37215b3bda81c865a3b3d13696e0ba0d7e693acfc2604",
    "hash": "29e5a895f9e63ff910abb3ee3579bfacb265d3577d3b8151807df05299d983ea"
  },
  {
    "bytes": "1dee4be85e40d0315f2e333b615d4ee2ba10fba1c2ad0cc752ae4858634eddf5ae30a213a2e49f4c754870f76a6ff7d99aed38765f629d3732a306a3437f9afe",
    "hash": "12bf427d98c543a412597405f7001a8d72fcd0f909376197bf7e54c09759d642"
  },
  {
    "bytes": "de3bb535558d42c12dff44b828ad7be8cac11b42bbe6a93fe847c720f878cc952d07a62966d9e71434b0e0a8a7954434d56846d3b4a3fadc49cd0a1c9ae41d9c",
    "hash": "0a8efb4bfdab43d87466ddce609095b342c7791757bff832874f6e60ebf29429"
  },
  {
    "bytes": "d6621e6a2f941085674640294fffd3e2fa4f42156e5479f44f1a91da28475f8ac5b2be3f6f0f2eb67f08131a44f7f55f2632e809823f5a9277d5bd1de1469830",
    "hash": "10c6f49b8cb388290cf51a74c7d1ed3fae67689d4038102ba07f58b3931c9796"
  },
  {
    "bytes": "a9274e953f7df569235e674461bca46af7920a0b211d2ee8178f74fbf68c1724d1b3c5434167e5f0e2e921f3fb6f722c843d40f8f58b7c8018b01d102625e29b",
    "hash": "15bc64b8f0d5eeee2366705821c6eae3553fb3f35b966c4270177e1667d393c2"
  },
  {
    "bytes": "e2af5c555bd3f739a4f3edc6da860a5d75f6a91a5d184ffd860fb9a53564e73b5d240423a653f1e809e5db896de10fbe8040b8161280deef34840351fa84ffd0",
    "hash": "1a34f1bcc5dd458c0689bbf628f5e32c67ded32eade8e6cf6cab71b7f737992a"
  },
  {
    "bytes": "788437c9600828b8de20afb4688e27d3caf3760896c50ef81fa3cfd6074436149b85f754b4f314983667e2a37aa9328f71a63cf59b0b06065991ff6ecf22c90f",
    "hash": "194b36bb91d6189687b8e9c00d07e176fbe5cb556048c6b2179386931a8618d5"
  },
  {
    "bytes": "a09660d21ef0e3e991e245ed30b4b04f17472270f998ad080bce5255689d064bbca3052aab260b768fbec6a56a17ee54d4c12cd96558fa469c8fca1ad972a259",
    "hash": "25de9ab83f3c1f33bbdb5fc4a66971223cbfa6fb508ba05acd098ab0e816e795"
  },
  {
    "bytes": "f3b84a404106af36c494cb830d3e0cb01b6b44ad7826e478a34fdfa7015a91e3b3a4c08e9428a4cb102f251a7977b235ed425b7ef21f1e5595d92e5252d4436d",
    "hash": "1302c38636570b7f0a200f427531e3df2968ca9424e420549b7426e5ed8fe3c0"
  },
  {
    "bytes": "1b9df198f83db437ee90aeeacf94af024ffd87c3d2b3e6594a75753cd2967fb4de858623a29b06feb432a72a535bd981bc6ac99710f2308e8ab17654d1e2bb12",
    "hash": "2401fc64bc25eeceee9b8b5c876ae9240724af8fd7b7664e3fb536364dd34598"
  },
  {
    "bytes": "f0d01f6c9ff71befeb0b8a8176a3cb3989b76797134974d19af22d03f60bdb4e814de7109030e90ce8fb8d114522fe2b06792677ae3f7d235dae091ebce1e537",
    "hash": "034a4ae8aebd9b176bf8c43c5625fee6d75ade1b88712d7178701aaf1e922970"
  },
  {
    "bytes": "0694c6a51db474c512fc285a1ef1fd474daabb93262d07490193d588f30860fb834100093fb78ffa85ed4d0aaad4194ebea9059da23885d4efa67bb268ecabda",
    "hash": "035bc54685c3548bd2a1730e500d99a776018a3384aef690abc2656c50d90a48"
  },
  {
    "bytes": "23ea0f4618d0c4fd7b7739aa04212c276b4a9cc4c572863a2070a8e7f03b11a94535b4faffdba896fa0dd006eb5507b171cc12b2cddd381fbac78da4bf99ec1e",
    "hash": "2ee536196619741e59c8fe2c5bcd8852d2cdad5dbfd3d41c641e696660717004"
  },
  {
    "bytes": "9c19e5aa5adc6a4725272018970f1b64932e09d8a2f073ed8a69bf983884417cdf62850ed3fefafa3287148fb864768fc61a3ef2bbba86d9b9fa3d116d00fa03",
    "hash": "1693b0343712b6a8fff2f7a067d29021293753a81ef8dba6807980275da87acc"
  },
  {
    "bytes": "ccba91d7325350eefa4efb7741618ec791ff5be602dfacfc61bdc360a30d0ae16ea28d7b8704070593cef54b05de23ab5b3fdce377a6922919909f5208434685",
    "hash": "2f4c63ebe737eefcee42a8624bf1b97c3c3b085a10c016c1defae2267a1485fd"
  },
  {
    "bytes": "df43a63c66f441729f04083af63ccf2ad09c6bd90e0340f7326cc07b715cfa20a02c6c653a939234ed302a4f7aafe658577fc1ef924e9b134aa59fa4b73eb0f4",
    "hash": "0b2bbec84d51268b65d29314af8b6464aefbb5dbd7787cd438c15ceac6c46dcb"
  },
  {
    "bytes": "ebe5842666a94d53ed8b1db65e07f0c224a749aa57f1f2960845705dfa1d552c514ede74700a3e7412852399c9fd28b5ca4d6b53128ee47385108572f7e2cfe4",
    "hash": "21033b23aba8cb0646c4699cbeb74545bc6aa3b063537e4e661dc5389bc244e1"
  },
  {
    "bytes": "8f530d653193e12de05ec8ea31e9f040b0e7f9faeb4ae6928e630eec7bb33e213c3b8d0f7b26050a7c1a3daf7c81957814165291d76ea64e9c1d2a61bf28081e",
    "hash": "156e080a149c50c1de4b10a9a2ffd73738740b511b0e1664d7397cf04ce94253"
  },
  {
    "bytes": "af4c29ea559d2ef584f4dc5346c5468eaba16716c7040c9d39a46373ef4c622027e67cc971be8ccb6f4729fcbd341023a76b81a396f3bec9783f0a2547e66dbc",
    "hash": "0e02b137be39e3ea520e96f7da3d385b51465feee80906bba3d03f89730f9fbf"
  },
  {
    "bytes": "6d44bebd692e60522b515035f58d51696212f509323d8fdf4f81a3c0cec5d807b15ab900a61287064846d1b0b66af50f2a730391fe3f677e5e84d10908d83e18",
    "hash": "0e5232af837e527bf23a379247615d63729bccb422d332fae1186f351c9528f5"
  },
  {
    "bytes": "0b36b96a99cdbc6bd4421b11be569976680031f71af13af66ed3b5659764cfe24f947ff376beb30ffd1e60ebb693703366d7cec799d26c207d67d3cb54f1c123",
    "hash": "099b92f642adb2c7460e74ce7f1855f05133957bc89a5a1db6362c405953fd49"
  }
]
