---
source: pkg/hash/src/lib.rs
expression: results
---
[
  {
    "left": "0000000000000000000000000000000000000000000000000000000000000000",
    "right": "0000000000000000000000000000000000000000000000000000000000000000",
    "merged": "0b63a53787021a4a962a452c2921b3663aff1ffd8d5510540f8e659e782956f1"
  },
  {
    "left": "0000000000000000000000000000000000000000000000000000000000000000",
    "right": "0000000000000000000000000000000000000000000000000000000000000001",
    "merged": "0dd6d785caa3fe1ad139a40b6bd26fccbd6c8697573b0e34489c740533db5cc8"
  },
  {
    "left": "0000000000000000000000000000000000000000000000000000000000000001",
    "right": "0000000000000000000000000000000000000000000000000000000000000000",
    "merged": "1e05013a2f40c60dc58cfe36bfa4d7e94676c43436922368628342bc5144d103"
  },
  {
    "left": "000000000000000000000000000000000000000000000000000000000000000a",
    "right": "0000000000000000000000000000000000000000000000000000000000000014",
    "merged": "1dd8037c0559952dd9d36c95b8425887933e2a80481b93339bbca23af6a8e7b1"
  },
  {
    "left": "30644e72e131a029b85045b68181585d2833e84879b9709143e1f593f0000000",
    "right": "30644e72e131a029b85045b68181585d2833e84879b9709143e1f593f0000000",
    "merged": "16ab2bdbff8e66f191cd6d39f6ad3af51d8a7e41f4c59942dd21713e4aebcc2d"
  },
  {
    "left": "76b8e0ada0f13d90405d6ae55386bd28bdd219b8a08ded1aa836efcc8b770dc7",
    "right": "da41597c5157488d7724e03fb8d84a376a43b8f41518a11cc387b669b2ee6586",
    "merged": "2a4da321d5086206824d1b7893029daefb6c468ae9f5bfb3e3aaa7827201f3e9"
  },
  {
    "left": "9f07e7be5551387a98ba977c732d080dcb0f29a048e3656912c6533e32ee7aed",
    "right": "29b721769ce64e43d57133b074d839d531ed1f28510afb45ace10a1f4b794d6f",
    "merged": "2fdf237f38fa35fef6269b67af852a022e62a5282c8f6199f206e3c89a5ecc57"
  },
  {
    "left": "2d09a0e663266ce1ae7ed1081968a0758e718e997bd362c6b0c34634a9a0b35d",
    "right": "012737681f7b5d0f281e3afde458bc1e73d2d313c9cf94c05ff3716240a248f2",
    "merged": "04d399897c516514f9f251290922111ae600174f5468a7def392f47e23727903"
  },
  {
    "left": "1320a058d7b3566bd520daaa3ed2bf0ac5b8b120fb852773c3639734b45c91a4",
    "right": "2dd4cb83f8840d2eedb158131062ac3f1f2cf8ff6dcd1856e86a1e6c3167167e",
    "merged": "2f96008a394449122f51129d1b886ecff34736ac7a396ab84528806ab75f5fe3"
  },
  {
    "left": "e5a688742b47c5adfb59d4df76fd1db1e51ee03b1ca9f82aca173edb8b729347",
    "right": "4ebe980f904d10c916442b4783a0e984860cb6c957b39c38ed8f51cffaa68a4d",
    "merged": "305a2829b623fe858dba0c0e02aa3c5a464714b7b519493a129d7ceaaf70da65"
  },
  {
    "left": "e01025a39c504546b9dc1406a7eb28151e5150d7b204baa719d4f091021217db",
    "right": "5cf1b5c84c4fa71a879610a1a695ac527c5b56774a6b8a21aae88685868e094c",
    "merged": "0773a8e6c17aeae2c77891097fbec6b0f63b5e2de331d05b399687b0d0422c4d"
  },
  {
    "left": "f29ef4090af7a90cc07e8817aa528763797d3c332b67ca4bc110642c2151ec47",
    "right": "ee84cb8c42d85f10e2a8cb18c3b7335f26e8c39a12b1bcc1707177b76138732e",
    "merged": "0cd25b85569a2d270c8bcee9bbdb05d7c632f19bbb4a66e7132678061e6cb3a2"
  },
  {
    "left": "edaab74da1410fc055ea068c99e9260acbe337cf5d3e00e5b3230ffedb0b9907",
    "right": "87d0c70e0bfe4198ea6758dd5a61fb5fec2df981f31befe153f81d17161784db",
    "merged": "0dabfaa1740905398e9f918b3a2f9743180fbe475290a68a4a1aa22e0e12071a"
  },
  {
    "left": "1c8822d53cd1ee7db532364828bdf404b040a8dcc522f3d3d99aec4b8057edb8",
    "right": "500931a2c42d2f0c570847100b5754dafc5fbdb894bbef1a2de1a07f8ba0c4b9",
    "merged": "1dd53b811d239bc4d06f18976456d5745797d19fff84b04bdf0a36dfc91781dc"
  },
  {
    "left": "19301066edbc056b7b481e7a0c46297bbb589d9da5b675a6723e152e5e63a4ce",
    "right": "034e9e83e58a013af0e7352fb7908514e3b3d1040d0bb963b3954b636b5fd4bf",
    "merged": "2221c5edbe83dcbfc08f22d8a95e22f19c6bddacc5096ee7210108bc8301a188"
  },
  {
    "left": "6d0aadbaf8157d062acb2418c176a475511b35c3f6218a5668ea5bc6f54b8782",
    "right": "f8b340f00ac1beba5e62cd632a7ce7809c725608aca5efbf7c41f237643f06c0",
    "merged": "06293ee22e22986f199cf5d235f79f28528e1442340d31443d820e1e4685068c"
  },
  {
    "left": "997207171de867f9d697bf5ea6011abcce6c8cdb211394d2c02dd0fb60db5a2c",
    "right": "17ac3dc85878a90bed3809dbb96eaa5426fc8eae0d2d65c42a479f088648be2d",
    "merged": "15c32716fc30bfb56fd7738677362860d529d57a355904cf2e1ce4217a67466c"
  },
  {
    "left": "c801d82a366fddc0ef234263c0b6417d5f9da41817b88d68e5e67195c5c1ee30",
    "right": "95e821f22524b20be41ceb590412e41dc648843fa9bfec7a3dcf61ab05415733",
    "merged": "29f544cda40fe59cd0634ebdfaab84714a3827de10ada5bae04a4360546c658a"
  },
  {
    "left": "16d3fa8151629303fe9741562ed065db4ebc0050ef558364ae81124a28f5c013",
    "right": "13232fbc496dfd8a2568657b686d7214382a1a00903017dda969878442ba5aff",
    "merged": "2cc1e96ff5b352159a028f5363971f392f1a6fad9110777d97295c79c8a7b2f6"
  },
  {
    "left": "f6613f553cbb233ce46d9aee93a7876cf5e9e82912b18cadf0b34327b2e0427e",
    "right": "cf66b7ceb7c0918dc47bdff12a062adf07133009ce7a5e5c917e0168306109b7",
    "merged": "120e1296792097aedd03d887895fdcad9a03f5f7a89066ebc5f681e325e2c249"
  },
  {
    "left": "cb49653a6d2caef005de783a9a9bfe05381ed1348d94ec65886f9c0b619c52c5",
    "right": "533800b16c836172b95182dbc5eec042b89e22f11a085b739a3611cd8d836018",
    "merged": "262c69d50552e334ba57a5554f38cceab75cbd07542d5a8d6cfc0ed9e799274e"
  },
  {
    "left": "c4fff0b86c02ed662d2d2522647a1f09a7b2f9eea56e7e20b1f06ccdd9cec37e",
    "right": "3b2d20812df369978636c22646603675804104745d2997e28df5d8242aad19c8",
    "merged": "21fac90e4f5b5dac466f1b13c3442979f1b5412f687882c561c2d516cd847ed3"
  },
  {
    "left": "120ca4142fb6019fccecf9fadb04ade03b341e3fc77201b3dc957a8097ab2f61",
    "right": "5aff142ab753811d5f32e75bc8825b456555f3d179ffabcf35f6ae61365851f3",
    "merged": "1f9aa3fbdf4548a58f62a4a6089bc5fc932bfa135ca3a99010c5576a8d5aeea3"
  },
  {
    "left": "f681a2e86e8078b064976646186394cb9064767750dad4e336b8f1d20fe2c13c",
    "right": "6248d3d73d4d66d9c8587ac68a7976a3bbb8b5808320607400dbdb1918e3d3b9",
    "merged": "1208cad946c8cd28da7a990242804d5e1b765d1bc5c918b15998acffdeb862c4"
  },
  {
    "left": "0cfc38c4ddfade990a213d208fbf7898334f4deed7e5830fd266751315435ae1",
    "right": "9bb94f4d3dc92652f243dd1f96f3595ab473d2356d8fa8f6d64cc4f64b12ca99",
    "merged": "09aa134863664a097b083ab1b86b48573a21b2277c59c7fc58f9539c9dd857f4"
  },
  {
    "left": "ecdd1962572e6add609d9c619aab678b3fc298bc2f0f81feb4f0d3ebad7e850a",
    "right": "8bcb52ca467e649de2db913bfda001294c49dc369f7d14cc25c5fa65d4d5af6a",
    "merged": "23b4fb0bb71fadad6d120363fbf114300d9c05643a08daf88584c51ae9c7979f"
  },
  {
    "left": "436d22bd2839be23dd3c57825033fecdce2ded6c511dbeaf4df2b4cbb7af8215",
    "right": "bb48a550f57d02750e599298f512b1ec1829722fc10a5acf9537e392a7284559",
    "merged": "1dc7c583a74af9633f4893a76697b3d59dd7ce78b0b45c6a6b84abc520ce166c"
  },
  {
    "left": "05d3ab4837dece4b63fdfd5dd07a2b76a8c82566df1a2167dae5e125b6aa0e76",
    "right": "b9d99ca84664f50eeea54e449f0e587039137f57543d89205483141c933166b6",
    "merged": "19ddceedb6512bc099d2ffb4eaa28bfea69e0d1890b7e09f97bec09054aec0a7"
  },
  {
    "left": "1990a706aca07f467d22bc34c6552f5bba91cb1fc21db51d03dfff6523a5e1b4",
    "right": "285d54c47660eda1b290e4087b30651b542305a714e98a8233577d2afb383e40",
    "merged": "09e25f4c0bab797e2de0a32e0b277c1985dfca410dc2e8e647d58db146040572"
  },
  {
    "left": "2f6b9fd214b194c738886bd2289cc5f997951910994b0a6104092fbc9b385639",
    "right": "343cf26c9faf845e7a98cb1f2c9306e8200185d95de059f83ad17c4b97f8c62c",
    "merged": "2885da6cde419761dc398715910d2cb180aa9fd28a62c4902b04ce92e0a98952"
  },
  {
    "left": "f6c347dc6eb5f2b1f4bf2dd328130d4500ca39beba2d4281a3d8ceb4cb1ecde3",
    "right": "78b20029fb6a4c543312e41013915c57016e5da681944cc277f9c7e75f4a654a",
    "merged": "03c1bf7240dc88602dc880523aac0f203eab173cc2c909f39f8fee32a9bed973"
  },
  {
    "left": "b2e5dc646ada242b6223aacc63674f9702146723360811adbdf2bb938b595bf4",
    "right": "c688a8a844130d9da3f0efe3650c2283640b342f8922fb6dd10b8bbe35c7aebe",
    "merged": "0ca4f0cb70cb183ae92bd4d70eb6ddcd10d8467a8d83bb6882255d1640132eea"
  },
  {
    "left": "ba416cb0180fb7d2b171149018f8d880463ac26202c2b72f9a7cf83a917ad261",
    "right": "83f8e74cd418e3b63459f7ad59849ee43cac6df3bb63fceec1abe8e9e0b64b23",
    "merged": "1d1bb7d067e9bf41ba126d97a2fc59ef9f85b38307f6742c33c08fea3fcd95ba"
  },
  {
    "left": "3a43aac54f9ba0998d2219b3baca111940d524b7cf94677d6c557750fa4db9e1",
    "right": "077eedb5ba6e33c104ae25443c86bf1583353addf6fddd19a4ff491188e3d487",
    "merged": "1a13caab44c04bfca2fcc4c5dd8bfe3a6c5526b1a078a4984ef9401fefb7e79b"
  },
  {
    "left": "8769611b36427c8f4c705cf42338475c3185c123919b79b3a4887243b924509c",
    "right": "9a4e7a3fff0517021e51642d9b4526c28a0cf86fb254be7eab18701ca5919b75",
    "merged": "176449d232b829658863adf7b09c3b32aca9bcfdb4452afdff7098e27095cf7d"
  },
  {
    "left": "4ec2506eccc087ac6141b4c3a661a3d1a89e0d4dd2df52caa5b3402d0026b3c6",
    "right": "43fa7126e8ed101a94188a048b34ab61e1182d6be76e2e9e6acf401443ed0d99",
    "merged": "09f962e879eda1be4c60165b661afd0c8e172d27d40e5000778610cfe48786b7"
  },
  {
    "left": "7dd5ae67346cb1e189791102900225e6b955cd7c9e39fc7255021045fe7ecd40",
    "right": "e2c68486a4c2fbcdbc53e847790dafe5b2cbdca09bf09de327076c79f2a339a9",
    "merged": "013daf614ae40551d9965f8e437891f4724f3b5f1bd7ae0a327b87f8500182e6"
  },
  {
    "left": "f942dfa372b41a390eabbbf296383d438466ae6105b5058117b8e406dcaa62a9",
    "right": "8ac624d30bc8773de643cce7578e8d5c57c5718711421e6d04a182f8714e192e",
    "merged": "0c852b188f098d16eed7b723d7793581bc2160e5f14395d1951b035fe7bd1dfd"
  },
  {
    "left": "df3935cb2e0380e10c77aa6583832deb64cb41dc401541504e0420d06379e483",
    "right": "0f06125018db3810a684c4e888b3b88829cf97ec67fc8549703f9ea5d6b8f67c",
    "merged": "088e6d3b3f1489b97cd763b35f6c9abf598ff71e6332e76ec42258b03f4d3980"
  },
  {
    "left": "e9e060f765532c323db034ec700db819936fbe6f749fd37ce927663f439498c9",
    "right": "8c5104d69ae9cd8b04444a471f95390873346858625420ed783203f8db371d76",
    "merged": "2945d3f232605ff8933a331e2f4f1eeea4622ab7b5a87264d5c8cbf08f011d1c"
  },
  {
    "left": "6586137459505525cb3ee59a7fd8ac3c1db3f5f4e0dab62b43d1c4cd813d998e",
    "right": "d83637f922f884a7584835bcdc03e9f1802b449dfa2d249d9ed7f2f9129815cd",
    "merged": "20c361b26bb8cf2dea12bbecb4572af890d2e5062e385d8155040d81375992f0"
  },
  {
    "left": "8d4ec4169ec51eac449ddfa5bc0f232d47323d4c48ab558576160103820d4858",
    "right": "77cc2bbab641d21d94e67b32cefb4e9ce5dac84d03ed3228ea3cdddd33f3915b",
    "merged": "0f32fe7fb10b6976c142090d67e4e63bf63003cbe7e4a795f5a89a839ae454a2"
  },
  {
    "left": "9e21b435bbed927a539b556ffcdd4c9822fd1ce81acca79b6f7050b0c01a3a31",
    "right": "7f066a1a89c81e4df8c7ee2e042203be8c290cf8605c193471953f8fe6055ac5",
    "merged": "16be55a1f0b19cddf7b922e537edac5ec1e0f00c8d59a7288a473681df1353d2"
  },
  {
    "left": "46670a4a075f70909246c3e3b92b39cf2f35ab49fe6fda67072a6e1b82364820",
    "right": "477fd522a746eac07e0398e873790486abebb50ec59a9e4129b7cea87c5182eb",
    "merged": "181c98dc776984cd65def84214356c69df9ee960c0f6887491000aab4b0116b6"
  },
  {
    "left": "43bcdf096ef740ef67482e98165a4ec64ebe9d57c8d8c16ceaa81f3203dff26b",
    "right": "3d5bf01edc0b0458b6b47846c326c75a822fc8b42774a3b201ef941484631406",
    "merged": "1fb8a01deb344d0908d34bd77f7dd805f67d852d9d67728b610fca849cecf45b"
  },
  {
    "left": "cbbeac961ccf42860ebac578703b485844bb9e01b2d6c2df72b62b43bade982b",
    "right": "0bdd0501230fc76b820d2f5bd259ec791b33225e06afc2d996c90e756dbd4257",
    "merged": "1de87e9e821f67db5adb95af69d8d883832c34f4c2b762878f252d3d7cd72301"
  },
  {
    "left": "d53ea6d6ff2371330035b57bf54c9dc4fa95d61536aac11cdb08a664efb55bc9",
    "right": "1a4c6f7fbe3efa8c621fd9f2cb343898979e7bcbd55b55217143493b6de415a8",
    "merged": "0c2a518fc45bd85881b5866e3c1ecef8c558807b5c238b074b8f2467887bf92b"
  },
  {
    "left": "5d681a2405113f3ada3edaee6eb0e78572d2baf9c43e3fc39b93081cf2fb3f88",
    "right": "79e810f417b733927525acb6d026f6ec46395620547d057a539a391de7c6f4b7",
    "merged": "0f2700cbf0c9da73bf3a45f5ea489ef2d29dc9ec2359fff4464403fa73faf241"
  },
  {
    "left": "095911c2d3ae075ad4f2c0c96d9f70e48a42cdcdae542bae833eb4a976d4f984",
    "right": "10b4a3d77857762d1527ec6714a040baaec3bec41bf9cff00e1cf81ce61e95d9",
    "merged": "2b729485c658313b926f6e051af56d5bddeed0720dc8f970de9828a72db20fcc"
  },
  {
    "left": "7792d7c0db7a88545f10d9b0a5940457018817725da257766906ffbc6172b9c4",
    "right": "d2d32a14d00c0d1d01e15280074a4a9fd2d21393f078ef55b16cfea532799326",
    "merged": "03000449b8170e6339cf7a9c482fb98417b59a79e061e1d88ba92be1b0e06230"
  },
  {
    "left": "3bffe8e99e56837b2763abd221ed85d83f9187af8b9e928f00deff423fffdadb",
    "right": "786e6678a59af305cdc02546d0f8ab4681acc1f00069b0c47bbc9f13d12fd941",
    "merged": "05f623398b844e9a95017ef7967644ac6a15d2bb81af5f5543ec8303024f6d0f"
  },
  {
    "left": "1f8df532096d53e4b7861839e602fc5dfa0d0b72232dd81d2b0e4b660a7eba35",
    "right": "3da27e66ceaf2d6c7734925247281866a12d67752a1edaadd1ea59e4e86e2e85",
    "merged": "07a240b1ba6f42b5a54373054359d97a6daa9582f3722bb9f43920b053797f03"
  },
  {
    "left": "a81a573cd68f6dfb526558d81a8f488f261f355ddac23f6caf07d27fda71d8f3",
    "right": "968d4ceeda89a09dcfdd00c17fa6db3658cc7ab02c0e5f44b1f526a7db9269e4",
    "merged": "1cc2aaa7c918f7f917a9b015fd6f625a7d373c73b8777c8f231401a5d9ab11ca"
  },
  {
    "left": "dcd1d11b8421c204c07a5de46e48769579718c69532f1671e552b92ef1451ffb",
    "right": "c7a2f412696c6d67ef071c988acf61f39319ca02dc853247be1f7f07b3bbd68c",
    "merged": "057f74710a59ac1e46aa6024784a543d3c480edaab8275b927cf357c83376e46"
  },
  {
    "left": "901ef36d46868f65d0fa1d1755eff6c2802212908250207ab65fce827f0a82f3",
    "right": "140ddc692cb5742b3133c541e0fe17718b546ad1fc8cb8a3a5af69a825a84343",
    "merged": "11a00f340c68aba7972b3a5a39e41146203c35ded0ba4ec26a701f845e47e276"
  },
  {
    "left": "c378d7b54f917057a8d026d4a59931ff9e24ab95bce2bebdb3a4286e000a4c47",
    "right": "e74cf82925dea07686dd20de228828705d90638661173e703e712d69b043dceb",
    "merged": "0494e9b610054fc05e711fbd76db8a0cb83d11e7aad64d847fb64e478d398ddd"
  },
  {
    "left": "afdc53f132be3d04ce50d70b80dd118db00e45dfe953db87525880ba9f7abb0f",
    "right": "c481a5f3acfa363aa2153391aef0dbf680512a0fa37a6c8293865ca95015dedb",
    "merged": "18aa240da9a9384709c6adc394fdecc606906a31243e4d2588766dd1719c0d37"
  },
  {
    "left": "f6a21992ce1feb5f499359e288a3255ef3fbaea5b01440bd787251caf362326c",
    "right": "7ffad20086aa7fcf35e95bbf398db75735e087e0863e016246703946c4e88bca",
    "merged": "13aee06f57b5b2ffaf188aadf1a1951d1f220f15c00fc81dcbcf069b1b27447a"
  },
  {
    "left": "6fc21446146bd342aae88ad4249f9a38ca3e4ed0a88aa6fd746f578e5b414ce0",
    "right": "f2ce5ec76f87fa3b6321102ef7110b7e6d889b2b85bb11fcfd4ab2b3bd5f92b8",
    "merged": "11c3c585bb312e327d47c7de85fe355c047349909749129a65df13d834e948b7"
  },
  {
    "left": "a2f66166f0695c0b13f32f97efaa0cde4f28e1674bf120e03fa15980873a1c6a",
    "right": "b674c085303fdd74832cc1df5ef787ae11c6e6a9302c1488f36996c170367078",
    "merged": "0b12c9ee82b22d8b60d72145422ce1ce7d1c75a5bb30f9ea1d5035fa13fbf092"
  },
  {
    "left": "6c05324f99d9d2cda1624db95b8eab6f7e10ac5bc985d6536cf667307a577a25",
    "right": "55888bd9302cfe704cf72e59fd28b6daea343a83531a10a732d65ce93f523a03",
    "merged": "1d4c9c94d9969c252a277c75efc727f348b0c60bc23e722be4026f699d6770f5"
  },
  {
    "left": "e5e791efd5ac502bb0a1f756e93208746240bc7bb1c085728ccc8150d8ea74b3",
    "right": "3aebc59567e65b7e2bd83699f607412448d202d948bb111badd456d68086ff9a",
    "merged": "29daf0e7ca9191c88a25ab81b60d67ea410eae11817fc074ede577b701b72fba"
  },
  {
    "left": "5906ea3b2cda4111d3638391f7a7b153eea77ab47215d6fe13b350f59f884c6e",
    "right": "31ac087239d9145b816424cba2c8bcb7b3ed7e19638089d91e5c9136d2aefc8d",
    "merged": "22601663e21ee7c24e17363d244cc61a91d6fc768ea9a9ae56fe9968c56a7f40"
  },
  {
    "left": "a165284b42229a70346296a7484648daafb9b88994d8823efbce9e029ace5170",
    "right": "6fc1e6e194b7d8906bb83be681a96d50f4a66f5af24aff5007aa2052277d75e1",
    "merged": "07f4f07a07b37a0787c707ed875dc892e4a57a3ca394fb69ecd6ce409830c6db"
  },
  {
    "left": "c6fcb719ae789587e73bfb11029b2ae9e380cd7b4fbd78f0c5318ef61802ecbf",
    "right": "e5d91ba28184e96963366be3d5b063b5b664002ab0682e5820e3f9d30afd461b",
    "merged": "09770a599973c9048dd4c49df90e3fa2755f25b4d6f3676db3ad7bf89888f96f"
  },
  {
    "left": "3046cfc86f29605458ae94054cc2967ca77f102f97bae3454bc190726af88cff",
    "right": "d5f0f05e18d31159ef2a9d9800f48d1b6719617474f1b3594315795822976613",
    "merged": "2d6e31b740eb4272a1d30533c82512445f35c6164298ea0644d5ca4736b0e0fc"
  },
  {
    "left": "cb63a4d6996505f4a4c57f3454ec101f5303f5b84aa8236843fc51d63d8445ad",
    "right": "5c9b4f4e15aa0395695cde980a6d48936146c519fb84ab775647e2cf809135d1",
    "merged": "0a529f50f331cc4e0a659558680cf07cf00e52625232ca8707dc135d4b82ecd0"
  },
  {
    "left": "0b12f7e632654c679f92988b79021746c867a8e05102bb98f8fe7d3d7c005f69",
    "right": "0d9ca7c6a175ff26ed82b873d63df4cbea0218bad0cb9a8c4404526f9806e2d4",
    "merged": "0ff8214b2437f7a63427732548cd0fa05acf8e490aad6291e7965c4f9b00f66a"
  },
  {
    "left": "fbf37e84b756561c67c3a5732966dc4f0701063eaa7d3a52a2b5e4a8c9acdb30",
    "right": "ee8b9f5125f76bcf7b22db897de9a8a9560c54118f31dccf49e87527d188fcb8",
    "merged": "00737793eef73c318b227f723954500d05e41000dd0d0f8ce2afe2e3902f4f6c"
  },
  {
    "left": "1c6f5b28a37a1dad399f8c4f2d2cedd0f71a6937c10aa78e29f82b4f5d12e74e",
    "right": "fa4fff5a8b700664959913542472af8df1acc815617dffd8e01873b1290e5b94",
    "merged": "25433450faee07b3a92472fc968b49ecfa32cd1f78dbb3bf32b517d0430c7ba1"
  },
  {
    "left": "fc2e9349517916ee0f7315369649f30a5a9feee736882f82b5e4d0ffca74cb98",
    "right": "dab997217f7a461a34b4e7a87a933c6a2a21a63ba0437a12c1368cd74e621f47",
    "merged": "1142a12203a590de1f0bc10d85aa2606492f69256079532a3f0e8dfec49b7893"
  },
  {
    "left": "4d1921742f5adbb26bb811fc0eb71fb828991bb21b8089897b83ae61d2c9d015",
    "right": "dcabee391edaa47c8814d76ecee6b7af3979f04e1c52b4bc3d5f46cc79301fc7",
    "merged": "0b200b318faff7e45837a2a567a2c8edde3a3bf34b5882d5740703dff587e7ec"
  },
  {
    "left": "40693a47db68c22a39fb722e32605a150fd57c56ae63ca90e40059f26b6d5a73",
    "right": "929f48ab33f1130143850fe2383e95d214cf585971d8d14b10175ef1e06b540d",
    "merged": "2dc32e48a7b6354244577d7066936a6c442be0ce5be35fcd5c8226d7168ba37c"
  },
  {
    "left": "8f9e3e29f60ed31e7a8effe89a827cd82b647739105d305188d0f1d628187dca",
    "right": "d530fef13ffb3959016d7271d2ae5ed6750591c774c0458468357676b6e16dfc",
    "merged": "00b049f5973820b011cc7aa031888c29e4061334e1dca23e3425e24c9342a1f4"
  },
  {
    "left": "cfaa9aa876b986ab6334f1dd995c400ec2f54d837547a59632f8ba09f076be49",
    "right": "be6ed506c3a8ae3482140720d9459ad6ceb67c5878a3d470e35d8cc999cf2309",
    "merged": "1e94153af5e0ead86d569d0e932368e57ed5b87b59ffb96653f533cf72b0c421"
  },
  {
    "left": "305182e87f493edcefd416f8508d45ba6d63e06068a37292c4089a44a901ca1a",
    "right": "216199258016bfefa8de980e3a584f80a91be8e7f24f58331bf5fa241834b613",
    "merged": "0577e2a91a88190b2f9117553b6c7de6972deb95760c14f3335dbc8cdcf0d13f"
  },
  {
    "left": "38c97b885891b18fa38998a1653518ae7d789d760f4ca8d468092e26bfae63fa",
    "right": "73cdebcc3309068f4515b14fd2fb2362ee2ef7e29f479fd1beb55b485ffac908",
    "merged": "0fbbc877204419e245308845bf793cd30fefde7b82c801d603fab3b0dd826e63"
  },
  {
    "left": "42d56a92fddeb287c383761677bdb435cd93c38b37b9c09ed22c2249f991ccec",
    "right": "eb89d151340af1a2f4bb084725358747dcc981de16d44d3c146065d591e91ff9",
    "merged": "12691664d7a58079ea11eb0d9c0e6b1c7fb40e74f5e177df7118ac4b9df2012a"
  },
  {
    "left": "856a6fd02f673aa0330e9bd7158d55e5adbb21c367dc2259e7015c567832d0e4",
    "right": "56af9602c93ec4d1b131a3d06d42a2d9d5d4d0860ba9199ee2784f22cf98aff2",
    "merged": "249e23ec0b6d37b756592c2a8bb4da6b994486fdad37336a35d6903d104b34f0"
  },
  {
    "left": "7e6da102dd36362d7bf76a6c1ea387e0cb7102f8abd40ad2e9d8fafb79270cb7",
    "right": "c81138cbe246c0d4e7c70501f2975c155b6713511e8c2cbb7db2a83e1a486496",
    "merged": "260b4adc9541c5913795286a7bf32a3eb69de72fe1ab241c12e76c14d720ad52"
  },
  {
    "left": "c2d922cc229cdb7d207f6bab3a15bc83fd3322d5af189d92b91e22d5b461c016",
    "right": "4d55cddbb1c4b2f9ade5e5509c1dc0d4d2901ef7e844905e226e7de848baf023",
    "merged": "236aa318b12ef0d27c8472d46d8d7b9eb70ef8a4cfa12b94ec52e3d3097d41cb"
  },
  {
    "left": "0f662fba30d7f6f6085a0d3190ffea1f3f58e3d41ba50b72d4a4a49fbaecf4dd",
    "right": "2f2cfbbc2799d45da1f4e7072aaf99928b3ec2bb70f30ca0c61201b524d042fb",
    "merged": "1f8238fb74ea7beef4583e41d5baa5bbf862cdcdbed09cc46a3d28f4fe734057"
  },
  {
    "left": "8c87e11160769b7b004c34dcd33194276815bdedb37644dc6b3d8197d891e4a6",
    "right": "ef9fcac6cc7504dd7c7207ecff088c332f38490584b9c7edc494a504a67cc8da",
    "merged": "022147d351d5ee7e51293116e608c786d4470fc0c9cf6f0cf64d0d439b62f49d"
  },
  {
    "left": "4cdb8b378d96420aeb69000a3bf5d56201412abb9d74fc58c48822b002a06e4a",
    "right": "43f3bfdee8a97d7cbce9d30619bd2221ab592ac2fb2f4983a384ad500036efb4",
    "merged": "1011c9bbcd979156f352a66761762b8ad6e7aa55dc7a9a72a639e2176b3066bc"
  },
  {
    "left": "f57060718c3e158acc124be4cdbac6769f4f2d31f94ef248336b6306fe8ff561",
    "right": "083d381e53a4753e00c37215b3bda81c865a3b3d13696e0ba0d7e693acfc2604",
    "merged": "0db2eba4c5050c4e2b64f1b810cb74c3fe36e5abc46a44fa3a68f4e914ddb2d8"
  },
  {
    "left": "1dee4be85e40d0315f2e333b615d4ee2ba10fba1c2ad0cc752ae4858634eddf5",
    "right": "ae30a213a2e49f4c754870f76a6ff7d99aed38765f629d3732a306a3437f9afe",
    "merged": "28fbdef8a20bd416d8d6f1bc1f362d07137f69b354826474612201d8522ce826"
  },
  {
    "left": "de3bb535558d42c12dff44b828ad7be8cac11b42bbe6a93fe847c720f878cc95",
    "right": "2d07a62966d9e71434b0e0a8a7954434d56846d3b4a3fadc49cd0a1c9ae41d9c",
    "merged": "21fb6ad79ba891798401e2bfaeccc54ffa60b4f1df88fff6c50396c1747eabbd"
  },
  {
    "left": "d6621e6a2f941085674640294fffd3e2fa4f42156e5479f44f1a91da28475f8a",
    "right": "c5b2be3f6f0f2eb67f08131a44f7f55f2632e809823f5a9277d5bd1de1469830",
    "merged": "12814b22c5440908351def83383baf272a88b60d946f351d62bce2b06c877fcc"
  },
  {
    "left": "a9274e953f7df569235e674461bca46af7920a0b211d2ee8178f74fbf68c1724",
    "right": "d1b3c5434167e5f0e2e921f3fb6f722c843d40f8f58b7c8018b01d102625e29b",
    "merged": "2c4349fcff76956aef6a7086805aa70b555707537b7f41db2a606a0d89a3e3a7"
  },
  {
    "left": "e2af5c555bd3f739a4f3edc6da860a5d75f6a91a5d184ffd860fb9a53564e73b",
    "right": "5d240423a653f1e809e5db896de10fbe8040b8161280deef34840351fa84ffd0",
    "merged": "0f264ec991c7411ae1bfa1bc5cd5bea3152c25921bcb8c85c270b124c75103f3"
  },
  {
    "left": "788437c9600828b8de20afb4688e27d3caf3760896c50ef81fa3cfd607443614",
    "right": "9b85f754b4f314983667e2a37aa9328f71a63cf59b0b06065991ff6ecf22c90f",
    "merged": "23b25bc7ab68d341aeda3492c683daa7af1e4d00721237edb23745e36d26765b"
  },
  {
    "left": "a09660d21ef0e3e991e245ed30b4b04f17472270f998ad080bce5255689d064b",
    "right": "bca3052aab260b768fbec6a56a17ee54d4c12cd96558fa469c8fca1ad972a259",
    "merged": "2227b859b9c46929fade804977f1a04bacd6d58032345c3f6d3c1cf95228b5e8"
  },
  {
    "left": "f3b84a404106af36c494cb830d3e0cb01b6b44ad7826e478a34fdfa7015a91e3",
    "right": "b3a4c08e9428a4cb102f251a7977b235ed425b7ef21f1e5595d92e5252d4436d",
    "merged": "25738835b4346286a6923a36c2bec67f31c94b5b736ea9e0c3975a20ae477909"
  },
  {
    "left": "1b9df198f83db437ee90aeeacf94af024ffd87c3d2b3e6594a75753cd2967fb4",
    "right": "de858623a29b06feb432a72a535bd981bc6ac99710f2308e8ab17654d1e2bb12",
    "merged": "1e1d919901149f1d3c8e960178d07e24459ed74a2a91a920e143e8174e97fe9e"
  },
  {
    "left": "f0d01f6c9ff71befeb0b8a8176a3cb3989b76797134974d19af22d03f60bdb4e",
    "right": "814de7109030e90ce8fb8d114522fe2b06792677ae3f7d235dae091ebce1e537",
    "merged": "26f764e0ba080e47dabaca7c487ed9d01ee1ff243b2bd1e662072c3b6fc3ebff"
  },
  {
    "left": "0694c6a51db474c512fc285a1ef1fd474daabb93262d07490193d588f30860fb",
    "right": "834100093fb78ffa85ed4d0aaad4194ebea9059da23885d4efa67bb268ecabda",
    "merged": "181085e822722ef5699b3abeaa628f17b10fdfe903d182d1dc806b29f02a67e8"
  },
  {
    "left": "23ea0f4618d0c4fd7b7739aa04212c276b4a9cc4c572863a2070a8e7f03b11a9",
    "right": "4535b4faffdba896fa0dd006eb5507b171cc12b2cddd381fbac78da4bf99ec1e",
    "merged": "0ac11dcb88f72daf84bd73b45542859c492c7cf44bfdbe273f3e04a7bfcdebbd"
  },
  {
    "left": "9c19e5aa5adc6a4725272018970f1b64932e09d8a2f073ed8a69bf983884417c",
    "right": "df62850ed3fefafa3287148fb864768fc61a3ef2bbba86d9b9fa3d116d00fa03",
    "merged": "2249d3966dd64a70d9492d2340aff7e0e8f439391f57b40149214edf8d49ea5f"
  },
  {
    "left": "ccba91d7325350eefa4efb7741618ec791ff5be602dfacfc61bdc360a30d0ae1",
    "right": "6ea28d7b8704070593cef54b05de23ab5b3fdce377a6922919909f5208434685",
    "merged": "0a71e6a926918b854be5bbc9bb7961fcf0f5291e7b631ee500dbe1f488f5714b"
  },
  {
    "left": "df43a63c66f441729f04083af63ccf2ad09c6bd90e0340f7326cc07b715cfa20",
    "right": "a02c6c653a939234ed302a4f7aafe658577fc1ef924e9b134aa59fa4b73eb0f4",
    "merged": "091ad4742d710cb9ae0e52be87f929e827b76d2ebec969d90586348ee7a39f15"
  },
  {
    "left": "ebe5842666a94d53ed8b1db65e07f0c224a749aa57f1f2960845705dfa1d552c",
    "right": "514ede74700a3e7412852399c9fd28b5ca4d6b53128ee47385108572f7e2cfe4",
    "merged": "1a2feffa69b0d6dff49f9cd3febfce619cc3ebc6b63cfc9ef52fd72ef43860b4"
  },
  {
    "left": "8f530d653193e12de05ec8ea31e9f040b0e7f9faeb4ae6928e630eec7bb33e21",
    "right": "3c3b8d0f7b26050a7c1a3daf7c81957814165291d76ea64e9c1d2a61bf28081e",
    "merged": "1599a1952cf42789477a3dd6a38f4825ce322624df5316c78ddbb272f8203d54"
  },
  {
    "left": "af4c29ea559d2ef584f4dc5346c5468eaba16716c7040c9d39a46373ef4c6220",
    "right": "27e67cc971be8ccb6f4729fcbd341023a76b81a396f3bec9783f0a2547e66dbc",
    "merged": "1773da5b0175884924078544fcaa72406bb762886bd3a758d12a3f2dd22d92f5"
  },
  {
    "left": "6d44bebd692e60522b515035f58d51696212f509323d8fdf4f81a3c0cec5d807",
    "right": "b15ab900a61287064846d1b0b66af50f2a730391fe3f677e5e84d10908d83e18",
    "merged": "1a7081219f0b6b5636aa38eef2089e3afe27b39c3766398dbc8630527b488613"
  },
  {
    "left": "0b36b96a99cdbc6bd4421b11be569976680031f71af13af66ed3b5659764cfe2",
    "right": "4f947ff376beb30ffd1e60ebb693703366d7cec799d26c207d67d3cb54f1c123",
    "merged": "23670d0d1bb13b179d04dc68c50a70aee20e09df62983d68c9359da6bf568420"
  }
]
